Can't open <C:/Program Files/GlgCE.4.5_x64/DEMOS/widgets/controls/meter22.g> file for reading.
Error stack trace:
   в System.Environment.GetStackTrace(Exception e, Boolean needFileInfo)
   в System.Environment.get_StackTrace()
   в GenLogic.GlgDefaultErrorHandler.ReportError(String message, Int32 error_type, Exception exception)
   в GenLogic.GlgStream.stOpenStream(GlgStream a035, Int32 a032, Object medium, Int32 medium_type, Boolean compressed, String path)
   в GenLogic.GlgObject.obLoad(Object medium, Int32 medium_type, GlgObject rebind_ref, Encoding charset, String path)
   в GenLogic.GlgObject.LoadObject(String filename, GlgMediumType medium_type, Encoding encoding)
   в GenLogic.GlgBeanComponent.load_viewport()
   в GenLogic.GlgBeanComponent.load_drawing()
   в System.RuntimeMethodHandle.InvokeMethod(Object target, Object[] arguments, Signature sig, Boolean constructor)
   в System.Reflection.RuntimeMethodInfo.UnsafeInvokeInternal(Object obj, Object[] parameters, Object[] arguments)
   в System.Reflection.RuntimeMethodInfo.Invoke(Object obj, BindingFlags invokeAttr, Binder binder, Object[] parameters, CultureInfo culture)
   в System.SecurityUtils.MethodInfoInvoke(MethodInfo method, Object target, Object[] args)
   в System.ComponentModel.ReflectPropertyDescriptor.SetValue(Object component, Object value)
   в System.Windows.Forms.PropertyGridInternal.PropertyDescriptorGridEntry.SetPropertyValueCore(Object obj, Object value, Boolean doUndo)
   в System.Windows.Forms.PropertyGridInternal.PropertyDescriptorGridEntry.SetPropertyValue(Object obj, Object objVal, Boolean reset, String undoText)
   в System.Windows.Forms.PropertyGridInternal.PropertyDescriptorGridEntry.set_PropertyValue(Object value)
   в System.Windows.Forms.PropertyGridInternal.PropertyGridView.CommitValue(GridEntry ipeCur, Object value, Boolean closeDropDown)
   в System.Windows.Forms.PropertyGridInternal.PropertyGridView.Commit()
   в System.Windows.Forms.PropertyGridInternal.PropertyGridView.UnfocusSelection()
   в System.Windows.Forms.PropertyGridInternal.PropertyGridView.GridViewEdit.ProcessDialogKey(Keys keyData)
   в System.Windows.Forms.Control.PreProcessMessage(Message& msg)
   в Microsoft.VisualStudio.PropertyBrowser.PropertyBrowserService.PreProcessMessage(Message& m)
   в Microsoft.VisualStudio.Shell.WindowPane.InternalTranslateAccelerator(MSG[] msg)
   в Microsoft.VisualStudio.Platform.WindowManagement.UIElementDocumentObject.TranslateAccelerator(MSG& lpmsg)
   в Microsoft.VisualStudio.Platform.WindowManagement.WindowFrame.TranslateAccelerator(MSG& oleMsg)
   в Microsoft.VisualStudio.Platform.WindowManagement.WindowManagerService.TranslateAccelerator(MSG& msg)
Null drawing.
Error stack trace:
   в System.Environment.GetStackTrace(Exception e, Boolean needFileInfo)
   в System.Environment.get_StackTrace()
   в GenLogic.GlgDefaultErrorHandler.ReportError(String message, Int32 error_type, Exception exception)
   в GenLogic.GlgObject.ExtractWidget(GlgObject object_cs)
   в GenLogic.GlgBeanComponent.load_viewport()
   в GenLogic.GlgBeanComponent.load_drawing()
   в System.RuntimeMethodHandle.InvokeMethod(Object target, Object[] arguments, Signature sig, Boolean constructor)
   в System.Reflection.RuntimeMethodInfo.UnsafeInvokeInternal(Object obj, Object[] parameters, Object[] arguments)
   в System.Reflection.RuntimeMethodInfo.Invoke(Object obj, BindingFlags invokeAttr, Binder binder, Object[] parameters, CultureInfo culture)
   в System.SecurityUtils.MethodInfoInvoke(MethodInfo method, Object target, Object[] args)
   в System.ComponentModel.ReflectPropertyDescriptor.SetValue(Object component, Object value)
   в System.Windows.Forms.PropertyGridInternal.PropertyDescriptorGridEntry.SetPropertyValueCore(Object obj, Object value, Boolean doUndo)
   в System.Windows.Forms.PropertyGridInternal.PropertyDescriptorGridEntry.SetPropertyValue(Object obj, Object objVal, Boolean reset, String undoText)
   в System.Windows.Forms.PropertyGridInternal.PropertyDescriptorGridEntry.set_PropertyValue(Object value)
   в System.Windows.Forms.PropertyGridInternal.PropertyGridView.CommitValue(GridEntry ipeCur, Object value, Boolean closeDropDown)
   в System.Windows.Forms.PropertyGridInternal.PropertyGridView.Commit()
   в System.Windows.Forms.PropertyGridInternal.PropertyGridView.UnfocusSelection()
   в System.Windows.Forms.PropertyGridInternal.PropertyGridView.GridViewEdit.ProcessDialogKey(Keys keyData)
   в System.Windows.Forms.Control.PreProcessMessage(Message& msg)
   в Microsoft.VisualStudio.PropertyBrowser.PropertyBrowserService.PreProcessMessage(Message& m)
   в Microsoft.VisualStudio.Shell.WindowPane.InternalTranslateAccelerator(MSG[] msg)
   в Microsoft.VisualStudio.Platform.WindowManagement.UIElementDocumentObject.TranslateAccelerator(MSG& lpmsg)
   в Microsoft.VisualStudio.Platform.WindowManagement.WindowFrame.TranslateAccelerator(MSG& oleMsg)
   в Microsoft.VisualStudio.Platform.WindowManagement.WindowManagerService.TranslateAccelerator(MSG& msg)
Can't open <C:/Program Files/GlgCE.4.5_x64/DEMOS/widgets/controls/meter18.g> file for reading.
Error stack trace:
   в System.Environment.GetStackTrace(Exception e, Boolean needFileInfo)
   в System.Environment.get_StackTrace()
   в GenLogic.GlgDefaultErrorHandler.ReportError(String message, Int32 error_type, Exception exception)
   в GenLogic.GlgStream.stOpenStream(GlgStream a035, Int32 a032, Object medium, Int32 medium_type, Boolean compressed, String path)
   в GenLogic.GlgObject.obLoad(Object medium, Int32 medium_type, GlgObject rebind_ref, Encoding charset, String path)
   в GenLogic.GlgObject.LoadObject(String filename, GlgMediumType medium_type, Encoding encoding)
   в GenLogic.GlgBeanComponent.load_viewport()
   в GenLogic.GlgBeanComponent.load_drawing()
   в System.RuntimeMethodHandle.InvokeMethod(Object target, Object[] arguments, Signature sig, Boolean constructor)
   в System.Reflection.RuntimeMethodInfo.UnsafeInvokeInternal(Object obj, Object[] parameters, Object[] arguments)
   в System.Reflection.RuntimeMethodInfo.Invoke(Object obj, BindingFlags invokeAttr, Binder binder, Object[] parameters, CultureInfo culture)
   в System.SecurityUtils.MethodInfoInvoke(MethodInfo method, Object target, Object[] args)
   в System.ComponentModel.ReflectPropertyDescriptor.SetValue(Object component, Object value)
   в System.Windows.Forms.PropertyGridInternal.PropertyDescriptorGridEntry.SetPropertyValueCore(Object obj, Object value, Boolean doUndo)
   в System.Windows.Forms.PropertyGridInternal.PropertyDescriptorGridEntry.SetPropertyValue(Object obj, Object objVal, Boolean reset, String undoText)
   в System.Windows.Forms.PropertyGridInternal.PropertyDescriptorGridEntry.set_PropertyValue(Object value)
   в System.Windows.Forms.PropertyGridInternal.PropertyGridView.CommitValue(GridEntry ipeCur, Object value, Boolean closeDropDown)
   в System.Windows.Forms.PropertyGridInternal.PropertyGridView.Commit()
   в System.Windows.Forms.PropertyGridInternal.PropertyGridView.UnfocusSelection()
   в System.Windows.Forms.PropertyGridInternal.PropertyGridView.GridViewEdit.ProcessDialogKey(Keys keyData)
   в System.Windows.Forms.Control.PreProcessMessage(Message& msg)
   в Microsoft.VisualStudio.PropertyBrowser.PropertyBrowserService.PreProcessMessage(Message& m)
   в Microsoft.VisualStudio.Shell.WindowPane.InternalTranslateAccelerator(MSG[] msg)
   в Microsoft.VisualStudio.Platform.WindowManagement.UIElementDocumentObject.TranslateAccelerator(MSG& lpmsg)
   в Microsoft.VisualStudio.Platform.WindowManagement.WindowFrame.TranslateAccelerator(MSG& oleMsg)
   в Microsoft.VisualStudio.Platform.WindowManagement.WindowManagerService.TranslateAccelerator(MSG& msg)
Null drawing.
Error stack trace:
   в System.Environment.GetStackTrace(Exception e, Boolean needFileInfo)
   в System.Environment.get_StackTrace()
   в GenLogic.GlgDefaultErrorHandler.ReportError(String message, Int32 error_type, Exception exception)
   в GenLogic.GlgObject.ExtractWidget(GlgObject object_cs)
   в GenLogic.GlgBeanComponent.load_viewport()
   в GenLogic.GlgBeanComponent.load_drawing()
   в System.RuntimeMethodHandle.InvokeMethod(Object target, Object[] arguments, Signature sig, Boolean constructor)
   в System.Reflection.RuntimeMethodInfo.UnsafeInvokeInternal(Object obj, Object[] parameters, Object[] arguments)
   в System.Reflection.RuntimeMethodInfo.Invoke(Object obj, BindingFlags invokeAttr, Binder binder, Object[] parameters, CultureInfo culture)
   в System.SecurityUtils.MethodInfoInvoke(MethodInfo method, Object target, Object[] args)
   в System.ComponentModel.ReflectPropertyDescriptor.SetValue(Object component, Object value)
   в System.Windows.Forms.PropertyGridInternal.PropertyDescriptorGridEntry.SetPropertyValueCore(Object obj, Object value, Boolean doUndo)
   в System.Windows.Forms.PropertyGridInternal.PropertyDescriptorGridEntry.SetPropertyValue(Object obj, Object objVal, Boolean reset, String undoText)
   в System.Windows.Forms.PropertyGridInternal.PropertyDescriptorGridEntry.set_PropertyValue(Object value)
   в System.Windows.Forms.PropertyGridInternal.PropertyGridView.CommitValue(GridEntry ipeCur, Object value, Boolean closeDropDown)
   в System.Windows.Forms.PropertyGridInternal.PropertyGridView.Commit()
   в System.Windows.Forms.PropertyGridInternal.PropertyGridView.UnfocusSelection()
   в System.Windows.Forms.PropertyGridInternal.PropertyGridView.GridViewEdit.ProcessDialogKey(Keys keyData)
   в System.Windows.Forms.Control.PreProcessMessage(Message& msg)
   в Microsoft.VisualStudio.PropertyBrowser.PropertyBrowserService.PreProcessMessage(Message& m)
   в Microsoft.VisualStudio.Shell.WindowPane.InternalTranslateAccelerator(MSG[] msg)
   в Microsoft.VisualStudio.Platform.WindowManagement.UIElementDocumentObject.TranslateAccelerator(MSG& lpmsg)
   в Microsoft.VisualStudio.Platform.WindowManagement.WindowFrame.TranslateAccelerator(MSG& oleMsg)
   в Microsoft.VisualStudio.Platform.WindowManagement.WindowManagerService.TranslateAccelerator(MSG& msg)
Can't open <C:/Program Files/GlgCE.4.5_x64/DEMOS/widgets/controls/meter18.g> file for reading.
Error stack trace:
   в System.Environment.GetStackTrace(Exception e, Boolean needFileInfo)
   в System.Environment.get_StackTrace()
   в GenLogic.GlgDefaultErrorHandler.ReportError(String message, Int32 error_type, Exception exception)
   в GenLogic.GlgStream.stOpenStream(GlgStream a035, Int32 a032, Object medium, Int32 medium_type, Boolean compressed, String path)
   в GenLogic.GlgObject.obLoad(Object medium, Int32 medium_type, GlgObject rebind_ref, Encoding charset, String path)
   в GenLogic.GlgObject.LoadObject(String filename, GlgMediumType medium_type, Encoding encoding)
   в GenLogic.GlgBeanComponent.load_viewport()
   в GenLogic.GlgBeanComponent.load_drawing()
   в System.RuntimeMethodHandle.InvokeMethod(Object target, Object[] arguments, Signature sig, Boolean constructor)
   в System.Reflection.RuntimeMethodInfo.UnsafeInvokeInternal(Object obj, Object[] parameters, Object[] arguments)
   в System.Reflection.RuntimeMethodInfo.Invoke(Object obj, BindingFlags invokeAttr, Binder binder, Object[] parameters, CultureInfo culture)
   в System.SecurityUtils.MethodInfoInvoke(MethodInfo method, Object target, Object[] args)
   в System.ComponentModel.ReflectPropertyDescriptor.SetValue(Object component, Object value)
   в System.Windows.Forms.PropertyGridInternal.PropertyDescriptorGridEntry.SetPropertyValueCore(Object obj, Object value, Boolean doUndo)
   в System.Windows.Forms.PropertyGridInternal.PropertyDescriptorGridEntry.SetPropertyValue(Object obj, Object objVal, Boolean reset, String undoText)
   в System.Windows.Forms.PropertyGridInternal.PropertyDescriptorGridEntry.set_PropertyValue(Object value)
   в System.Windows.Forms.PropertyGridInternal.PropertyGridView.CommitValue(GridEntry ipeCur, Object value, Boolean closeDropDown)
   в System.Windows.Forms.PropertyGridInternal.PropertyGridView.Commit()
   в System.Windows.Forms.PropertyGridInternal.PropertyGridView.UnfocusSelection()
   в System.Windows.Forms.PropertyGridInternal.PropertyGridView.GridViewEdit.ProcessDialogKey(Keys keyData)
   в System.Windows.Forms.Control.PreProcessMessage(Message& msg)
   в Microsoft.VisualStudio.PropertyBrowser.PropertyBrowserService.PreProcessMessage(Message& m)
   в Microsoft.VisualStudio.Shell.WindowPane.InternalTranslateAccelerator(MSG[] msg)
   в Microsoft.VisualStudio.Platform.WindowManagement.UIElementDocumentObject.TranslateAccelerator(MSG& lpmsg)
   в Microsoft.VisualStudio.Platform.WindowManagement.WindowFrame.TranslateAccelerator(MSG& oleMsg)
   в Microsoft.VisualStudio.Platform.WindowManagement.WindowManagerService.TranslateAccelerator(MSG& msg)
Null drawing.
Error stack trace:
   в System.Environment.GetStackTrace(Exception e, Boolean needFileInfo)
   в System.Environment.get_StackTrace()
   в GenLogic.GlgDefaultErrorHandler.ReportError(String message, Int32 error_type, Exception exception)
   в GenLogic.GlgObject.ExtractWidget(GlgObject object_cs)
   в GenLogic.GlgBeanComponent.load_viewport()
   в GenLogic.GlgBeanComponent.load_drawing()
   в System.RuntimeMethodHandle.InvokeMethod(Object target, Object[] arguments, Signature sig, Boolean constructor)
   в System.Reflection.RuntimeMethodInfo.UnsafeInvokeInternal(Object obj, Object[] parameters, Object[] arguments)
   в System.Reflection.RuntimeMethodInfo.Invoke(Object obj, BindingFlags invokeAttr, Binder binder, Object[] parameters, CultureInfo culture)
   в System.SecurityUtils.MethodInfoInvoke(MethodInfo method, Object target, Object[] args)
   в System.ComponentModel.ReflectPropertyDescriptor.SetValue(Object component, Object value)
   в System.Windows.Forms.PropertyGridInternal.PropertyDescriptorGridEntry.SetPropertyValueCore(Object obj, Object value, Boolean doUndo)
   в System.Windows.Forms.PropertyGridInternal.PropertyDescriptorGridEntry.SetPropertyValue(Object obj, Object objVal, Boolean reset, String undoText)
   в System.Windows.Forms.PropertyGridInternal.PropertyDescriptorGridEntry.set_PropertyValue(Object value)
   в System.Windows.Forms.PropertyGridInternal.PropertyGridView.CommitValue(GridEntry ipeCur, Object value, Boolean closeDropDown)
   в System.Windows.Forms.PropertyGridInternal.PropertyGridView.Commit()
   в System.Windows.Forms.PropertyGridInternal.PropertyGridView.UnfocusSelection()
   в System.Windows.Forms.PropertyGridInternal.PropertyGridView.GridViewEdit.ProcessDialogKey(Keys keyData)
   в System.Windows.Forms.Control.PreProcessMessage(Message& msg)
   в Microsoft.VisualStudio.PropertyBrowser.PropertyBrowserService.PreProcessMessage(Message& m)
   в Microsoft.VisualStudio.Shell.WindowPane.InternalTranslateAccelerator(MSG[] msg)
   в Microsoft.VisualStudio.Platform.WindowManagement.UIElementDocumentObject.TranslateAccelerator(MSG& lpmsg)
   в Microsoft.VisualStudio.Platform.WindowManagement.WindowFrame.TranslateAccelerator(MSG& oleMsg)
   в Microsoft.VisualStudio.Platform.WindowManagement.WindowManagerService.TranslateAccelerator(MSG& msg)
Can't open <C:/Program Files/GlgCE.4.5_x64/DEMOS/widgets/controls/gauge6.g> file for reading.
Error stack trace:
   в System.Environment.GetStackTrace(Exception e, Boolean needFileInfo)
   в System.Environment.get_StackTrace()
   в GenLogic.GlgDefaultErrorHandler.ReportError(String message, Int32 error_type, Exception exception)
   в GenLogic.GlgStream.stOpenStream(GlgStream a035, Int32 a032, Object medium, Int32 medium_type, Boolean compressed, String path)
   в GenLogic.GlgObject.obLoad(Object medium, Int32 medium_type, GlgObject rebind_ref, Encoding charset, String path)
   в GenLogic.GlgObject.LoadObject(String filename, GlgMediumType medium_type, Encoding encoding)
   в GenLogic.GlgBeanComponent.load_viewport()
   в GenLogic.GlgBeanComponent.load_drawing()
   в System.RuntimeMethodHandle.InvokeMethod(Object target, Object[] arguments, Signature sig, Boolean constructor)
   в System.Reflection.RuntimeMethodInfo.UnsafeInvokeInternal(Object obj, Object[] parameters, Object[] arguments)
   в System.Reflection.RuntimeMethodInfo.Invoke(Object obj, BindingFlags invokeAttr, Binder binder, Object[] parameters, CultureInfo culture)
   в System.SecurityUtils.MethodInfoInvoke(MethodInfo method, Object target, Object[] args)
   в System.ComponentModel.ReflectPropertyDescriptor.SetValue(Object component, Object value)
   в System.Windows.Forms.PropertyGridInternal.PropertyDescriptorGridEntry.SetPropertyValueCore(Object obj, Object value, Boolean doUndo)
   в System.Windows.Forms.PropertyGridInternal.PropertyDescriptorGridEntry.SetPropertyValue(Object obj, Object objVal, Boolean reset, String undoText)
   в System.Windows.Forms.PropertyGridInternal.PropertyDescriptorGridEntry.set_PropertyValue(Object value)
   в System.Windows.Forms.PropertyGridInternal.PropertyGridView.CommitValue(GridEntry ipeCur, Object value, Boolean closeDropDown)
   в System.Windows.Forms.PropertyGridInternal.PropertyGridView.Commit()
   в System.Windows.Forms.PropertyGridInternal.PropertyGridView.UnfocusSelection()
   в System.Windows.Forms.PropertyGridInternal.PropertyGridView.GridViewEdit.ProcessDialogKey(Keys keyData)
   в System.Windows.Forms.Control.PreProcessMessage(Message& msg)
   в Microsoft.VisualStudio.PropertyBrowser.PropertyBrowserService.PreProcessMessage(Message& m)
   в Microsoft.VisualStudio.Shell.WindowPane.InternalTranslateAccelerator(MSG[] msg)
   в Microsoft.VisualStudio.Platform.WindowManagement.UIElementDocumentObject.TranslateAccelerator(MSG& lpmsg)
   в Microsoft.VisualStudio.Platform.WindowManagement.WindowFrame.TranslateAccelerator(MSG& oleMsg)
   в Microsoft.VisualStudio.Platform.WindowManagement.WindowManagerService.TranslateAccelerator(MSG& msg)
Null drawing.
Error stack trace:
   в System.Environment.GetStackTrace(Exception e, Boolean needFileInfo)
   в System.Environment.get_StackTrace()
   в GenLogic.GlgDefaultErrorHandler.ReportError(String message, Int32 error_type, Exception exception)
   в GenLogic.GlgObject.ExtractWidget(GlgObject object_cs)
   в GenLogic.GlgBeanComponent.load_viewport()
   в GenLogic.GlgBeanComponent.load_drawing()
   в System.RuntimeMethodHandle.InvokeMethod(Object target, Object[] arguments, Signature sig, Boolean constructor)
   в System.Reflection.RuntimeMethodInfo.UnsafeInvokeInternal(Object obj, Object[] parameters, Object[] arguments)
   в System.Reflection.RuntimeMethodInfo.Invoke(Object obj, BindingFlags invokeAttr, Binder binder, Object[] parameters, CultureInfo culture)
   в System.SecurityUtils.MethodInfoInvoke(MethodInfo method, Object target, Object[] args)
   в System.ComponentModel.ReflectPropertyDescriptor.SetValue(Object component, Object value)
   в System.Windows.Forms.PropertyGridInternal.PropertyDescriptorGridEntry.SetPropertyValueCore(Object obj, Object value, Boolean doUndo)
   в System.Windows.Forms.PropertyGridInternal.PropertyDescriptorGridEntry.SetPropertyValue(Object obj, Object objVal, Boolean reset, String undoText)
   в System.Windows.Forms.PropertyGridInternal.PropertyDescriptorGridEntry.set_PropertyValue(Object value)
   в System.Windows.Forms.PropertyGridInternal.PropertyGridView.CommitValue(GridEntry ipeCur, Object value, Boolean closeDropDown)
   в System.Windows.Forms.PropertyGridInternal.PropertyGridView.Commit()
   в System.Windows.Forms.PropertyGridInternal.PropertyGridView.UnfocusSelection()
   в System.Windows.Forms.PropertyGridInternal.PropertyGridView.GridViewEdit.ProcessDialogKey(Keys keyData)
   в System.Windows.Forms.Control.PreProcessMessage(Message& msg)
   в Microsoft.VisualStudio.PropertyBrowser.PropertyBrowserService.PreProcessMessage(Message& m)
   в Microsoft.VisualStudio.Shell.WindowPane.InternalTranslateAccelerator(MSG[] msg)
   в Microsoft.VisualStudio.Platform.WindowManagement.UIElementDocumentObject.TranslateAccelerator(MSG& lpmsg)
   в Microsoft.VisualStudio.Platform.WindowManagement.WindowFrame.TranslateAccelerator(MSG& oleMsg)
   в Microsoft.VisualStudio.Platform.WindowManagement.WindowManagerService.TranslateAccelerator(MSG& msg)
Can't open <C:/Program Files/GlgCE.4.5_x64/DEMOS/widgets/controls/gauge2.g> file for reading.
Error stack trace:
   в System.Environment.GetStackTrace(Exception e, Boolean needFileInfo)
   в System.Environment.get_StackTrace()
   в GenLogic.GlgDefaultErrorHandler.ReportError(String message, Int32 error_type, Exception exception)
   в GenLogic.GlgStream.stOpenStream(GlgStream a035, Int32 a032, Object medium, Int32 medium_type, Boolean compressed, String path)
   в GenLogic.GlgObject.obLoad(Object medium, Int32 medium_type, GlgObject rebind_ref, Encoding charset, String path)
   в GenLogic.GlgObject.LoadObject(String filename, GlgMediumType medium_type, Encoding encoding)
   в GenLogic.GlgBeanComponent.load_viewport()
   в GenLogic.GlgBeanComponent.load_drawing()
   в System.RuntimeMethodHandle.InvokeMethod(Object target, Object[] arguments, Signature sig, Boolean constructor)
   в System.Reflection.RuntimeMethodInfo.UnsafeInvokeInternal(Object obj, Object[] parameters, Object[] arguments)
   в System.Reflection.RuntimeMethodInfo.Invoke(Object obj, BindingFlags invokeAttr, Binder binder, Object[] parameters, CultureInfo culture)
   в System.SecurityUtils.MethodInfoInvoke(MethodInfo method, Object target, Object[] args)
   в System.ComponentModel.ReflectPropertyDescriptor.SetValue(Object component, Object value)
   в System.Windows.Forms.PropertyGridInternal.PropertyDescriptorGridEntry.SetPropertyValueCore(Object obj, Object value, Boolean doUndo)
   в System.Windows.Forms.PropertyGridInternal.PropertyDescriptorGridEntry.SetPropertyValue(Object obj, Object objVal, Boolean reset, String undoText)
   в System.Windows.Forms.PropertyGridInternal.PropertyDescriptorGridEntry.set_PropertyValue(Object value)
   в System.Windows.Forms.PropertyGridInternal.PropertyGridView.CommitValue(GridEntry ipeCur, Object value, Boolean closeDropDown)
   в System.Windows.Forms.PropertyGridInternal.PropertyGridView.Commit()
   в System.Windows.Forms.PropertyGridInternal.PropertyGridView.UnfocusSelection()
   в System.Windows.Forms.PropertyGridInternal.PropertyGridView.GridViewEdit.ProcessDialogKey(Keys keyData)
   в System.Windows.Forms.Control.PreProcessMessage(Message& msg)
   в Microsoft.VisualStudio.PropertyBrowser.PropertyBrowserService.PreProcessMessage(Message& m)
   в Microsoft.VisualStudio.Shell.WindowPane.InternalTranslateAccelerator(MSG[] msg)
   в Microsoft.VisualStudio.Platform.WindowManagement.UIElementDocumentObject.TranslateAccelerator(MSG& lpmsg)
   в Microsoft.VisualStudio.Platform.WindowManagement.WindowFrame.TranslateAccelerator(MSG& oleMsg)
   в Microsoft.VisualStudio.Platform.WindowManagement.WindowManagerService.TranslateAccelerator(MSG& msg)
Null drawing.
Error stack trace:
   в System.Environment.GetStackTrace(Exception e, Boolean needFileInfo)
   в System.Environment.get_StackTrace()
   в GenLogic.GlgDefaultErrorHandler.ReportError(String message, Int32 error_type, Exception exception)
   в GenLogic.GlgObject.ExtractWidget(GlgObject object_cs)
   в GenLogic.GlgBeanComponent.load_viewport()
   в GenLogic.GlgBeanComponent.load_drawing()
   в System.RuntimeMethodHandle.InvokeMethod(Object target, Object[] arguments, Signature sig, Boolean constructor)
   в System.Reflection.RuntimeMethodInfo.UnsafeInvokeInternal(Object obj, Object[] parameters, Object[] arguments)
   в System.Reflection.RuntimeMethodInfo.Invoke(Object obj, BindingFlags invokeAttr, Binder binder, Object[] parameters, CultureInfo culture)
   в System.SecurityUtils.MethodInfoInvoke(MethodInfo method, Object target, Object[] args)
   в System.ComponentModel.ReflectPropertyDescriptor.SetValue(Object component, Object value)
   в System.Windows.Forms.PropertyGridInternal.PropertyDescriptorGridEntry.SetPropertyValueCore(Object obj, Object value, Boolean doUndo)
   в System.Windows.Forms.PropertyGridInternal.PropertyDescriptorGridEntry.SetPropertyValue(Object obj, Object objVal, Boolean reset, String undoText)
   в System.Windows.Forms.PropertyGridInternal.PropertyDescriptorGridEntry.set_PropertyValue(Object value)
   в System.Windows.Forms.PropertyGridInternal.PropertyGridView.CommitValue(GridEntry ipeCur, Object value, Boolean closeDropDown)
   в System.Windows.Forms.PropertyGridInternal.PropertyGridView.Commit()
   в System.Windows.Forms.PropertyGridInternal.PropertyGridView.UnfocusSelection()
   в System.Windows.Forms.PropertyGridInternal.PropertyGridView.GridViewEdit.ProcessDialogKey(Keys keyData)
   в System.Windows.Forms.Control.PreProcessMessage(Message& msg)
   в Microsoft.VisualStudio.PropertyBrowser.PropertyBrowserService.PreProcessMessage(Message& m)
   в Microsoft.VisualStudio.Shell.WindowPane.InternalTranslateAccelerator(MSG[] msg)
   в Microsoft.VisualStudio.Platform.WindowManagement.UIElementDocumentObject.TranslateAccelerator(MSG& lpmsg)
   в Microsoft.VisualStudio.Platform.WindowManagement.WindowFrame.TranslateAccelerator(MSG& oleMsg)
   в Microsoft.VisualStudio.Platform.WindowManagement.WindowManagerService.TranslateAccelerator(MSG& msg)
Can't find named resource $Widget.
Error stack trace:
   в System.Environment.GetStackTrace(Exception e, Boolean needFileInfo)
   в System.Environment.get_StackTrace()
   в GenLogic.GlgDefaultErrorHandler.ReportError(String message, Int32 error_type, Exception exception)
   в GenLogic.GlgResUtil.obResourceOP(GlgObject object_cs, GlgResOPMessage msg)
   в GenLogic.GlgResUtil.obGetTypedResourceGen(GlgObject object_cs, String resource_name, Int32 resource_type, Boolean mand, Boolean is_attr, Boolean suppress_add)
   в GenLogic.GlgResUtil.obGetTypedResource(GlgObject object_cs, String a065, Int32 res_type, Int32 res_subtype, Boolean a104, Boolean suppress_add)
   в GenLogic.GlgObject.ExtractWidget(GlgObject object_cs)
   в GenLogic.GlgBeanComponent.load_viewport()
   в GenLogic.GlgBeanComponent.load_drawing()
   в System.RuntimeMethodHandle.InvokeMethod(Object target, Object[] arguments, Signature sig, Boolean constructor)
   в System.Reflection.RuntimeMethodInfo.UnsafeInvokeInternal(Object obj, Object[] parameters, Object[] arguments)
   в System.Reflection.RuntimeMethodInfo.Invoke(Object obj, BindingFlags invokeAttr, Binder binder, Object[] parameters, CultureInfo culture)
   в System.SecurityUtils.MethodInfoInvoke(MethodInfo method, Object target, Object[] args)
   в System.ComponentModel.ReflectPropertyDescriptor.SetValue(Object component, Object value)
   в System.Windows.Forms.PropertyGridInternal.PropertyDescriptorGridEntry.SetPropertyValueCore(Object obj, Object value, Boolean doUndo)
   в System.Windows.Forms.PropertyGridInternal.PropertyDescriptorGridEntry.SetPropertyValue(Object obj, Object objVal, Boolean reset, String undoText)
   в System.Windows.Forms.PropertyGridInternal.PropertyDescriptorGridEntry.set_PropertyValue(Object value)
   в System.Windows.Forms.PropertyGridInternal.PropertyGridView.CommitValue(GridEntry ipeCur, Object value, Boolean closeDropDown)
   в System.Windows.Forms.PropertyGridInternal.PropertyGridView.Commit()
   в System.Windows.Forms.PropertyGridInternal.PropertyGridView.UnfocusSelection()
   в System.Windows.Forms.PropertyGridInternal.PropertyGridView.GridViewEdit.ProcessDialogKey(Keys keyData)
   в System.Windows.Forms.Control.PreProcessMessage(Message& msg)
   в Microsoft.VisualStudio.PropertyBrowser.PropertyBrowserService.PreProcessMessage(Message& m)
   в Microsoft.VisualStudio.Shell.WindowPane.InternalTranslateAccelerator(MSG[] msg)
   в Microsoft.VisualStudio.Platform.WindowManagement.UIElementDocumentObject.TranslateAccelerator(MSG& lpmsg)
   в Microsoft.VisualStudio.Platform.WindowManagement.WindowFrame.TranslateAccelerator(MSG& oleMsg)
   в Microsoft.VisualStudio.Platform.WindowManagement.WindowManagerService.TranslateAccelerator(MSG& msg)
Can't find <$Widget> viewport.
Error stack trace:
   в System.Environment.GetStackTrace(Exception e, Boolean needFileInfo)
   в System.Environment.get_StackTrace()
   в GenLogic.GlgDefaultErrorHandler.ReportError(String message, Int32 error_type, Exception exception)
   в GenLogic.GlgObject.ExtractWidget(GlgObject object_cs)
   в GenLogic.GlgBeanComponent.load_viewport()
   в GenLogic.GlgBeanComponent.load_drawing()
   в System.RuntimeMethodHandle.InvokeMethod(Object target, Object[] arguments, Signature sig, Boolean constructor)
   в System.Reflection.RuntimeMethodInfo.UnsafeInvokeInternal(Object obj, Object[] parameters, Object[] arguments)
   в System.Reflection.RuntimeMethodInfo.Invoke(Object obj, BindingFlags invokeAttr, Binder binder, Object[] parameters, CultureInfo culture)
   в System.SecurityUtils.MethodInfoInvoke(MethodInfo method, Object target, Object[] args)
   в System.ComponentModel.ReflectPropertyDescriptor.SetValue(Object component, Object value)
   в System.Windows.Forms.PropertyGridInternal.PropertyDescriptorGridEntry.SetPropertyValueCore(Object obj, Object value, Boolean doUndo)
   в System.Windows.Forms.PropertyGridInternal.PropertyDescriptorGridEntry.SetPropertyValue(Object obj, Object objVal, Boolean reset, String undoText)
   в System.Windows.Forms.PropertyGridInternal.PropertyDescriptorGridEntry.set_PropertyValue(Object value)
   в System.Windows.Forms.PropertyGridInternal.PropertyGridView.CommitValue(GridEntry ipeCur, Object value, Boolean closeDropDown)
   в System.Windows.Forms.PropertyGridInternal.PropertyGridView.Commit()
   в System.Windows.Forms.PropertyGridInternal.PropertyGridView.UnfocusSelection()
   в System.Windows.Forms.PropertyGridInternal.PropertyGridView.GridViewEdit.ProcessDialogKey(Keys keyData)
   в System.Windows.Forms.Control.PreProcessMessage(Message& msg)
   в Microsoft.VisualStudio.PropertyBrowser.PropertyBrowserService.PreProcessMessage(Message& m)
   в Microsoft.VisualStudio.Shell.WindowPane.InternalTranslateAccelerator(MSG[] msg)
   в Microsoft.VisualStudio.Platform.WindowManagement.UIElementDocumentObject.TranslateAccelerator(MSG& lpmsg)
   в Microsoft.VisualStudio.Platform.WindowManagement.WindowFrame.TranslateAccelerator(MSG& oleMsg)
   в Microsoft.VisualStudio.Platform.WindowManagement.WindowManagerService.TranslateAccelerator(MSG& msg)
Can't open <C:/Program Files/GlgCE.4.5_x64/DEMOS/widgets/controls/slider5.g> file for reading.
Error stack trace:
   в System.Environment.GetStackTrace(Exception e, Boolean needFileInfo)
   в System.Environment.get_StackTrace()
   в GenLogic.GlgDefaultErrorHandler.ReportError(String message, Int32 error_type, Exception exception)
   в GenLogic.GlgStream.stOpenStream(GlgStream a035, Int32 a032, Object medium, Int32 medium_type, Boolean compressed, String path)
   в GenLogic.GlgObject.obLoad(Object medium, Int32 medium_type, GlgObject rebind_ref, Encoding charset, String path)
   в GenLogic.GlgObject.LoadObject(String filename, GlgMediumType medium_type, Encoding encoding)
   в GenLogic.GlgBeanComponent.load_viewport()
   в GenLogic.GlgBeanComponent.load_drawing()
   в System.RuntimeMethodHandle.InvokeMethod(Object target, Object[] arguments, Signature sig, Boolean constructor)
   в System.Reflection.RuntimeMethodInfo.UnsafeInvokeInternal(Object obj, Object[] parameters, Object[] arguments)
   в System.Reflection.RuntimeMethodInfo.Invoke(Object obj, BindingFlags invokeAttr, Binder binder, Object[] parameters, CultureInfo culture)
   в System.SecurityUtils.MethodInfoInvoke(MethodInfo method, Object target, Object[] args)
   в System.ComponentModel.ReflectPropertyDescriptor.SetValue(Object component, Object value)
   в System.Windows.Forms.PropertyGridInternal.PropertyDescriptorGridEntry.SetPropertyValueCore(Object obj, Object value, Boolean doUndo)
   в System.Windows.Forms.PropertyGridInternal.PropertyDescriptorGridEntry.SetPropertyValue(Object obj, Object objVal, Boolean reset, String undoText)
   в System.Windows.Forms.PropertyGridInternal.PropertyDescriptorGridEntry.set_PropertyValue(Object value)
   в System.Windows.Forms.PropertyGridInternal.PropertyGridView.CommitValue(GridEntry ipeCur, Object value, Boolean closeDropDown)
   в System.Windows.Forms.PropertyGridInternal.PropertyGridView.Commit()
   в System.Windows.Forms.PropertyGridInternal.PropertyGridView.UnfocusSelection()
   в System.Windows.Forms.PropertyGridInternal.PropertyGridView.GridViewEdit.ProcessDialogKey(Keys keyData)
   в System.Windows.Forms.Control.PreProcessMessage(Message& msg)
   в Microsoft.VisualStudio.PropertyBrowser.PropertyBrowserService.PreProcessMessage(Message& m)
   в Microsoft.VisualStudio.Shell.WindowPane.InternalTranslateAccelerator(MSG[] msg)
   в Microsoft.VisualStudio.Platform.WindowManagement.UIElementDocumentObject.TranslateAccelerator(MSG& lpmsg)
   в Microsoft.VisualStudio.Platform.WindowManagement.WindowFrame.TranslateAccelerator(MSG& oleMsg)
   в Microsoft.VisualStudio.Platform.WindowManagement.WindowManagerService.TranslateAccelerator(MSG& msg)
Null drawing.
Error stack trace:
   в System.Environment.GetStackTrace(Exception e, Boolean needFileInfo)
   в System.Environment.get_StackTrace()
   в GenLogic.GlgDefaultErrorHandler.ReportError(String message, Int32 error_type, Exception exception)
   в GenLogic.GlgObject.ExtractWidget(GlgObject object_cs)
   в GenLogic.GlgBeanComponent.load_viewport()
   в GenLogic.GlgBeanComponent.load_drawing()
   в System.RuntimeMethodHandle.InvokeMethod(Object target, Object[] arguments, Signature sig, Boolean constructor)
   в System.Reflection.RuntimeMethodInfo.UnsafeInvokeInternal(Object obj, Object[] parameters, Object[] arguments)
   в System.Reflection.RuntimeMethodInfo.Invoke(Object obj, BindingFlags invokeAttr, Binder binder, Object[] parameters, CultureInfo culture)
   в System.SecurityUtils.MethodInfoInvoke(MethodInfo method, Object target, Object[] args)
   в System.ComponentModel.ReflectPropertyDescriptor.SetValue(Object component, Object value)
   в System.Windows.Forms.PropertyGridInternal.PropertyDescriptorGridEntry.SetPropertyValueCore(Object obj, Object value, Boolean doUndo)
   в System.Windows.Forms.PropertyGridInternal.PropertyDescriptorGridEntry.SetPropertyValue(Object obj, Object objVal, Boolean reset, String undoText)
   в System.Windows.Forms.PropertyGridInternal.PropertyDescriptorGridEntry.set_PropertyValue(Object value)
   в System.Windows.Forms.PropertyGridInternal.PropertyGridView.CommitValue(GridEntry ipeCur, Object value, Boolean closeDropDown)
   в System.Windows.Forms.PropertyGridInternal.PropertyGridView.Commit()
   в System.Windows.Forms.PropertyGridInternal.PropertyGridView.UnfocusSelection()
   в System.Windows.Forms.PropertyGridInternal.PropertyGridView.GridViewEdit.ProcessDialogKey(Keys keyData)
   в System.Windows.Forms.Control.PreProcessMessage(Message& msg)
   в Microsoft.VisualStudio.PropertyBrowser.PropertyBrowserService.PreProcessMessage(Message& m)
   в Microsoft.VisualStudio.Shell.WindowPane.InternalTranslateAccelerator(MSG[] msg)
   в Microsoft.VisualStudio.Platform.WindowManagement.UIElementDocumentObject.TranslateAccelerator(MSG& lpmsg)
   в Microsoft.VisualStudio.Platform.WindowManagement.WindowFrame.TranslateAccelerator(MSG& oleMsg)
   в Microsoft.VisualStudio.Platform.WindowManagement.WindowManagerService.TranslateAccelerator(MSG& msg)
Can't open <C:/Program Files/GlgCE.4.5_x64/DEMOS/widgets/controls/knob215.g> file for reading.
Error stack trace:
   в System.Environment.GetStackTrace(Exception e, Boolean needFileInfo)
   в System.Environment.get_StackTrace()
   в GenLogic.GlgDefaultErrorHandler.ReportError(String message, Int32 error_type, Exception exception)
   в GenLogic.GlgStream.stOpenStream(GlgStream a035, Int32 a032, Object medium, Int32 medium_type, Boolean compressed, String path)
   в GenLogic.GlgObject.obLoad(Object medium, Int32 medium_type, GlgObject rebind_ref, Encoding charset, String path)
   в GenLogic.GlgObject.LoadObject(String filename, GlgMediumType medium_type, Encoding encoding)
   в GenLogic.GlgBeanComponent.load_viewport()
   в GenLogic.GlgBeanComponent.load_drawing()
   в System.RuntimeMethodHandle.InvokeMethod(Object target, Object[] arguments, Signature sig, Boolean constructor)
   в System.Reflection.RuntimeMethodInfo.UnsafeInvokeInternal(Object obj, Object[] parameters, Object[] arguments)
   в System.Reflection.RuntimeMethodInfo.Invoke(Object obj, BindingFlags invokeAttr, Binder binder, Object[] parameters, CultureInfo culture)
   в System.SecurityUtils.MethodInfoInvoke(MethodInfo method, Object target, Object[] args)
   в System.ComponentModel.ReflectPropertyDescriptor.SetValue(Object component, Object value)
   в System.Windows.Forms.PropertyGridInternal.PropertyDescriptorGridEntry.SetPropertyValueCore(Object obj, Object value, Boolean doUndo)
   в System.Windows.Forms.PropertyGridInternal.PropertyDescriptorGridEntry.SetPropertyValue(Object obj, Object objVal, Boolean reset, String undoText)
   в System.Windows.Forms.PropertyGridInternal.PropertyDescriptorGridEntry.set_PropertyValue(Object value)
   в System.Windows.Forms.PropertyGridInternal.PropertyGridView.CommitValue(GridEntry ipeCur, Object value, Boolean closeDropDown)
   в System.Windows.Forms.PropertyGridInternal.PropertyGridView.Commit()
   в System.Windows.Forms.PropertyGridInternal.PropertyGridView.UnfocusSelection()
   в System.Windows.Forms.PropertyGridInternal.PropertyGridView.GridViewEdit.ProcessDialogKey(Keys keyData)
   в System.Windows.Forms.Control.PreProcessMessage(Message& msg)
   в Microsoft.VisualStudio.PropertyBrowser.PropertyBrowserService.PreProcessMessage(Message& m)
   в Microsoft.VisualStudio.Shell.WindowPane.InternalTranslateAccelerator(MSG[] msg)
   в Microsoft.VisualStudio.Platform.WindowManagement.UIElementDocumentObject.TranslateAccelerator(MSG& lpmsg)
   в Microsoft.VisualStudio.Platform.WindowManagement.WindowFrame.TranslateAccelerator(MSG& oleMsg)
   в Microsoft.VisualStudio.Platform.WindowManagement.WindowManagerService.TranslateAccelerator(MSG& msg)
Null drawing.
Error stack trace:
   в System.Environment.GetStackTrace(Exception e, Boolean needFileInfo)
   в System.Environment.get_StackTrace()
   в GenLogic.GlgDefaultErrorHandler.ReportError(String message, Int32 error_type, Exception exception)
   в GenLogic.GlgObject.ExtractWidget(GlgObject object_cs)
   в GenLogic.GlgBeanComponent.load_viewport()
   в GenLogic.GlgBeanComponent.load_drawing()
   в System.RuntimeMethodHandle.InvokeMethod(Object target, Object[] arguments, Signature sig, Boolean constructor)
   в System.Reflection.RuntimeMethodInfo.UnsafeInvokeInternal(Object obj, Object[] parameters, Object[] arguments)
   в System.Reflection.RuntimeMethodInfo.Invoke(Object obj, BindingFlags invokeAttr, Binder binder, Object[] parameters, CultureInfo culture)
   в System.SecurityUtils.MethodInfoInvoke(MethodInfo method, Object target, Object[] args)
   в System.ComponentModel.ReflectPropertyDescriptor.SetValue(Object component, Object value)
   в System.Windows.Forms.PropertyGridInternal.PropertyDescriptorGridEntry.SetPropertyValueCore(Object obj, Object value, Boolean doUndo)
   в System.Windows.Forms.PropertyGridInternal.PropertyDescriptorGridEntry.SetPropertyValue(Object obj, Object objVal, Boolean reset, String undoText)
   в System.Windows.Forms.PropertyGridInternal.PropertyDescriptorGridEntry.set_PropertyValue(Object value)
   в System.Windows.Forms.PropertyGridInternal.PropertyGridView.CommitValue(GridEntry ipeCur, Object value, Boolean closeDropDown)
   в System.Windows.Forms.PropertyGridInternal.PropertyGridView.Commit()
   в System.Windows.Forms.PropertyGridInternal.PropertyGridView.UnfocusSelection()
   в System.Windows.Forms.PropertyGridInternal.PropertyGridView.GridViewEdit.ProcessDialogKey(Keys keyData)
   в System.Windows.Forms.Control.PreProcessMessage(Message& msg)
   в Microsoft.VisualStudio.PropertyBrowser.PropertyBrowserService.PreProcessMessage(Message& m)
   в Microsoft.VisualStudio.Shell.WindowPane.InternalTranslateAccelerator(MSG[] msg)
   в Microsoft.VisualStudio.Platform.WindowManagement.UIElementDocumentObject.TranslateAccelerator(MSG& lpmsg)
   в Microsoft.VisualStudio.Platform.WindowManagement.WindowFrame.TranslateAccelerator(MSG& oleMsg)
   в Microsoft.VisualStudio.Platform.WindowManagement.WindowManagerService.TranslateAccelerator(MSG& msg)
Can't open <C:/Program Files/GlgCE.4.5_x64/DEMOS/widgets/controls/knob25.g> file for reading.
Error stack trace:
   в System.Environment.GetStackTrace(Exception e, Boolean needFileInfo)
   в System.Environment.get_StackTrace()
   в GenLogic.GlgDefaultErrorHandler.ReportError(String message, Int32 error_type, Exception exception)
   в GenLogic.GlgStream.stOpenStream(GlgStream a035, Int32 a032, Object medium, Int32 medium_type, Boolean compressed, String path)
   в GenLogic.GlgObject.obLoad(Object medium, Int32 medium_type, GlgObject rebind_ref, Encoding charset, String path)
   в GenLogic.GlgObject.LoadObject(String filename, GlgMediumType medium_type, Encoding encoding)
   в GenLogic.GlgBeanComponent.load_viewport()
   в GenLogic.GlgBeanComponent.load_drawing()
   в System.RuntimeMethodHandle.InvokeMethod(Object target, Object[] arguments, Signature sig, Boolean constructor)
   в System.Reflection.RuntimeMethodInfo.UnsafeInvokeInternal(Object obj, Object[] parameters, Object[] arguments)
   в System.Reflection.RuntimeMethodInfo.Invoke(Object obj, BindingFlags invokeAttr, Binder binder, Object[] parameters, CultureInfo culture)
   в System.SecurityUtils.MethodInfoInvoke(MethodInfo method, Object target, Object[] args)
   в System.ComponentModel.ReflectPropertyDescriptor.SetValue(Object component, Object value)
   в System.Windows.Forms.PropertyGridInternal.PropertyDescriptorGridEntry.SetPropertyValueCore(Object obj, Object value, Boolean doUndo)
   в System.Windows.Forms.PropertyGridInternal.PropertyDescriptorGridEntry.SetPropertyValue(Object obj, Object objVal, Boolean reset, String undoText)
   в System.Windows.Forms.PropertyGridInternal.PropertyDescriptorGridEntry.set_PropertyValue(Object value)
   в System.Windows.Forms.PropertyGridInternal.PropertyGridView.CommitValue(GridEntry ipeCur, Object value, Boolean closeDropDown)
   в System.Windows.Forms.PropertyGridInternal.PropertyGridView.Commit()
   в System.Windows.Forms.PropertyGridInternal.PropertyGridView.UnfocusSelection()
   в System.Windows.Forms.PropertyGridInternal.PropertyGridView.GridViewEdit.ProcessDialogKey(Keys keyData)
   в System.Windows.Forms.Control.PreProcessMessage(Message& msg)
   в Microsoft.VisualStudio.PropertyBrowser.PropertyBrowserService.PreProcessMessage(Message& m)
   в Microsoft.VisualStudio.Shell.WindowPane.InternalTranslateAccelerator(MSG[] msg)
   в Microsoft.VisualStudio.Platform.WindowManagement.UIElementDocumentObject.TranslateAccelerator(MSG& lpmsg)
   в Microsoft.VisualStudio.Platform.WindowManagement.WindowFrame.TranslateAccelerator(MSG& oleMsg)
   в Microsoft.VisualStudio.Platform.WindowManagement.WindowManagerService.TranslateAccelerator(MSG& msg)
Null drawing.
Error stack trace:
   в System.Environment.GetStackTrace(Exception e, Boolean needFileInfo)
   в System.Environment.get_StackTrace()
   в GenLogic.GlgDefaultErrorHandler.ReportError(String message, Int32 error_type, Exception exception)
   в GenLogic.GlgObject.ExtractWidget(GlgObject object_cs)
   в GenLogic.GlgBeanComponent.load_viewport()
   в GenLogic.GlgBeanComponent.load_drawing()
   в System.RuntimeMethodHandle.InvokeMethod(Object target, Object[] arguments, Signature sig, Boolean constructor)
   в System.Reflection.RuntimeMethodInfo.UnsafeInvokeInternal(Object obj, Object[] parameters, Object[] arguments)
   в System.Reflection.RuntimeMethodInfo.Invoke(Object obj, BindingFlags invokeAttr, Binder binder, Object[] parameters, CultureInfo culture)
   в System.SecurityUtils.MethodInfoInvoke(MethodInfo method, Object target, Object[] args)
   в System.ComponentModel.ReflectPropertyDescriptor.SetValue(Object component, Object value)
   в System.Windows.Forms.PropertyGridInternal.PropertyDescriptorGridEntry.SetPropertyValueCore(Object obj, Object value, Boolean doUndo)
   в System.Windows.Forms.PropertyGridInternal.PropertyDescriptorGridEntry.SetPropertyValue(Object obj, Object objVal, Boolean reset, String undoText)
   в System.Windows.Forms.PropertyGridInternal.PropertyDescriptorGridEntry.set_PropertyValue(Object value)
   в System.Windows.Forms.PropertyGridInternal.PropertyGridView.CommitValue(GridEntry ipeCur, Object value, Boolean closeDropDown)
   в System.Windows.Forms.PropertyGridInternal.PropertyGridView.Commit()
   в System.Windows.Forms.PropertyGridInternal.PropertyGridView.UnfocusSelection()
   в System.Windows.Forms.PropertyGridInternal.PropertyGridView.GridViewEdit.ProcessDialogKey(Keys keyData)
   в System.Windows.Forms.Control.PreProcessMessage(Message& msg)
   в Microsoft.VisualStudio.PropertyBrowser.PropertyBrowserService.PreProcessMessage(Message& m)
   в Microsoft.VisualStudio.Shell.WindowPane.InternalTranslateAccelerator(MSG[] msg)
   в Microsoft.VisualStudio.Platform.WindowManagement.UIElementDocumentObject.TranslateAccelerator(MSG& lpmsg)
   в Microsoft.VisualStudio.Platform.WindowManagement.WindowFrame.TranslateAccelerator(MSG& oleMsg)
   в Microsoft.VisualStudio.Platform.WindowManagement.WindowManagerService.TranslateAccelerator(MSG& msg)
Can't find named resource $Widget.
Error stack trace:
   в System.Environment.GetStackTrace(Exception e, Boolean needFileInfo)
   в System.Environment.get_StackTrace()
   в GenLogic.GlgDefaultErrorHandler.ReportError(String message, Int32 error_type, Exception exception)
   в GenLogic.GlgResUtil.obResourceOP(GlgObject object_cs, GlgResOPMessage msg)
   в GenLogic.GlgResUtil.obGetTypedResourceGen(GlgObject object_cs, String resource_name, Int32 resource_type, Boolean mand, Boolean is_attr, Boolean suppress_add)
   в GenLogic.GlgResUtil.obGetTypedResource(GlgObject object_cs, String a065, Int32 res_type, Int32 res_subtype, Boolean a104, Boolean suppress_add)
   в GenLogic.GlgObject.ExtractWidget(GlgObject object_cs)
   в GenLogic.GlgBeanComponent.load_viewport()
   в GenLogic.GlgBeanComponent.load_drawing()
   в System.RuntimeMethodHandle.InvokeMethod(Object target, Object[] arguments, Signature sig, Boolean constructor)
   в System.Reflection.RuntimeMethodInfo.UnsafeInvokeInternal(Object obj, Object[] parameters, Object[] arguments)
   в System.Reflection.RuntimeMethodInfo.Invoke(Object obj, BindingFlags invokeAttr, Binder binder, Object[] parameters, CultureInfo culture)
   в System.SecurityUtils.MethodInfoInvoke(MethodInfo method, Object target, Object[] args)
   в System.ComponentModel.ReflectPropertyDescriptor.SetValue(Object component, Object value)
   в System.Windows.Forms.PropertyGridInternal.PropertyDescriptorGridEntry.SetPropertyValueCore(Object obj, Object value, Boolean doUndo)
   в System.Windows.Forms.PropertyGridInternal.PropertyDescriptorGridEntry.SetPropertyValue(Object obj, Object objVal, Boolean reset, String undoText)
   в System.Windows.Forms.PropertyGridInternal.PropertyDescriptorGridEntry.set_PropertyValue(Object value)
   в System.Windows.Forms.PropertyGridInternal.PropertyGridView.CommitValue(GridEntry ipeCur, Object value, Boolean closeDropDown)
   в System.Windows.Forms.PropertyGridInternal.PropertyGridView.Commit()
   в System.Windows.Forms.PropertyGridInternal.PropertyGridView.UnfocusSelection()
   в System.Windows.Forms.PropertyGridInternal.PropertyGridView.GridViewEdit.ProcessDialogKey(Keys keyData)
   в System.Windows.Forms.Control.PreProcessMessage(Message& msg)
   в Microsoft.VisualStudio.PropertyBrowser.PropertyBrowserService.PreProcessMessage(Message& m)
   в Microsoft.VisualStudio.Shell.WindowPane.InternalTranslateAccelerator(MSG[] msg)
   в Microsoft.VisualStudio.Platform.WindowManagement.UIElementDocumentObject.TranslateAccelerator(MSG& lpmsg)
   в Microsoft.VisualStudio.Platform.WindowManagement.WindowFrame.TranslateAccelerator(MSG& oleMsg)
   в Microsoft.VisualStudio.Platform.WindowManagement.WindowManagerService.TranslateAccelerator(MSG& msg)
Can't find <$Widget> viewport.
Error stack trace:
   в System.Environment.GetStackTrace(Exception e, Boolean needFileInfo)
   в System.Environment.get_StackTrace()
   в GenLogic.GlgDefaultErrorHandler.ReportError(String message, Int32 error_type, Exception exception)
   в GenLogic.GlgObject.ExtractWidget(GlgObject object_cs)
   в GenLogic.GlgBeanComponent.load_viewport()
   в GenLogic.GlgBeanComponent.load_drawing()
   в System.RuntimeMethodHandle.InvokeMethod(Object target, Object[] arguments, Signature sig, Boolean constructor)
   в System.Reflection.RuntimeMethodInfo.UnsafeInvokeInternal(Object obj, Object[] parameters, Object[] arguments)
   в System.Reflection.RuntimeMethodInfo.Invoke(Object obj, BindingFlags invokeAttr, Binder binder, Object[] parameters, CultureInfo culture)
   в System.SecurityUtils.MethodInfoInvoke(MethodInfo method, Object target, Object[] args)
   в System.ComponentModel.ReflectPropertyDescriptor.SetValue(Object component, Object value)
   в System.Windows.Forms.PropertyGridInternal.PropertyDescriptorGridEntry.SetPropertyValueCore(Object obj, Object value, Boolean doUndo)
   в System.Windows.Forms.PropertyGridInternal.PropertyDescriptorGridEntry.SetPropertyValue(Object obj, Object objVal, Boolean reset, String undoText)
   в System.Windows.Forms.PropertyGridInternal.PropertyDescriptorGridEntry.set_PropertyValue(Object value)
   в System.Windows.Forms.PropertyGridInternal.PropertyGridView.CommitValue(GridEntry ipeCur, Object value, Boolean closeDropDown)
   в System.Windows.Forms.PropertyGridInternal.PropertyGridView.Commit()
   в System.Windows.Forms.PropertyGridInternal.PropertyGridView.UnfocusSelection()
   в System.Windows.Forms.PropertyGridInternal.PropertyGridView.GridViewEdit.ProcessDialogKey(Keys keyData)
   в System.Windows.Forms.Control.PreProcessMessage(Message& msg)
   в Microsoft.VisualStudio.PropertyBrowser.PropertyBrowserService.PreProcessMessage(Message& m)
   в Microsoft.VisualStudio.Shell.WindowPane.InternalTranslateAccelerator(MSG[] msg)
   в Microsoft.VisualStudio.Platform.WindowManagement.UIElementDocumentObject.TranslateAccelerator(MSG& lpmsg)
   в Microsoft.VisualStudio.Platform.WindowManagement.WindowFrame.TranslateAccelerator(MSG& oleMsg)
   в Microsoft.VisualStudio.Platform.WindowManagement.WindowManagerService.TranslateAccelerator(MSG& msg)
Can't open <C:/Program Files/GlgCE.4.5_x64/DEMOS/widgets/controls/indecator1.g> file for reading.
Error stack trace:
   в System.Environment.GetStackTrace(Exception e, Boolean needFileInfo)
   в System.Environment.get_StackTrace()
   в GenLogic.GlgDefaultErrorHandler.ReportError(String message, Int32 error_type, Exception exception)
   в GenLogic.GlgStream.stOpenStream(GlgStream a035, Int32 a032, Object medium, Int32 medium_type, Boolean compressed, String path)
   в GenLogic.GlgObject.obLoad(Object medium, Int32 medium_type, GlgObject rebind_ref, Encoding charset, String path)
   в GenLogic.GlgObject.LoadObject(String filename, GlgMediumType medium_type, Encoding encoding)
   в GenLogic.GlgBeanComponent.load_viewport()
   в GenLogic.GlgBeanComponent.load_drawing()
   в System.RuntimeMethodHandle.InvokeMethod(Object target, Object[] arguments, Signature sig, Boolean constructor)
   в System.Reflection.RuntimeMethodInfo.UnsafeInvokeInternal(Object obj, Object[] parameters, Object[] arguments)
   в System.Reflection.RuntimeMethodInfo.Invoke(Object obj, BindingFlags invokeAttr, Binder binder, Object[] parameters, CultureInfo culture)
   в System.SecurityUtils.MethodInfoInvoke(MethodInfo method, Object target, Object[] args)
   в System.ComponentModel.ReflectPropertyDescriptor.SetValue(Object component, Object value)
   в System.Windows.Forms.PropertyGridInternal.PropertyDescriptorGridEntry.SetPropertyValueCore(Object obj, Object value, Boolean doUndo)
   в System.Windows.Forms.PropertyGridInternal.PropertyDescriptorGridEntry.SetPropertyValue(Object obj, Object objVal, Boolean reset, String undoText)
   в System.Windows.Forms.PropertyGridInternal.PropertyDescriptorGridEntry.set_PropertyValue(Object value)
   в System.Windows.Forms.PropertyGridInternal.PropertyGridView.CommitValue(GridEntry ipeCur, Object value, Boolean closeDropDown)
   в System.Windows.Forms.PropertyGridInternal.PropertyGridView.Commit()
   в System.Windows.Forms.PropertyGridInternal.PropertyGridView.UnfocusSelection()
   в System.Windows.Forms.PropertyGridInternal.PropertyGridView.GridViewEdit.ProcessDialogKey(Keys keyData)
   в System.Windows.Forms.Control.PreProcessMessage(Message& msg)
   в Microsoft.VisualStudio.PropertyBrowser.PropertyBrowserService.PreProcessMessage(Message& m)
   в Microsoft.VisualStudio.Shell.WindowPane.InternalTranslateAccelerator(MSG[] msg)
   в Microsoft.VisualStudio.Platform.WindowManagement.UIElementDocumentObject.TranslateAccelerator(MSG& lpmsg)
   в Microsoft.VisualStudio.Platform.WindowManagement.WindowFrame.TranslateAccelerator(MSG& oleMsg)
   в Microsoft.VisualStudio.Platform.WindowManagement.WindowManagerService.TranslateAccelerator(MSG& msg)
Null drawing.
Error stack trace:
   в System.Environment.GetStackTrace(Exception e, Boolean needFileInfo)
   в System.Environment.get_StackTrace()
   в GenLogic.GlgDefaultErrorHandler.ReportError(String message, Int32 error_type, Exception exception)
   в GenLogic.GlgObject.ExtractWidget(GlgObject object_cs)
   в GenLogic.GlgBeanComponent.load_viewport()
   в GenLogic.GlgBeanComponent.load_drawing()
   в System.RuntimeMethodHandle.InvokeMethod(Object target, Object[] arguments, Signature sig, Boolean constructor)
   в System.Reflection.RuntimeMethodInfo.UnsafeInvokeInternal(Object obj, Object[] parameters, Object[] arguments)
   в System.Reflection.RuntimeMethodInfo.Invoke(Object obj, BindingFlags invokeAttr, Binder binder, Object[] parameters, CultureInfo culture)
   в System.SecurityUtils.MethodInfoInvoke(MethodInfo method, Object target, Object[] args)
   в System.ComponentModel.ReflectPropertyDescriptor.SetValue(Object component, Object value)
   в System.Windows.Forms.PropertyGridInternal.PropertyDescriptorGridEntry.SetPropertyValueCore(Object obj, Object value, Boolean doUndo)
   в System.Windows.Forms.PropertyGridInternal.PropertyDescriptorGridEntry.SetPropertyValue(Object obj, Object objVal, Boolean reset, String undoText)
   в System.Windows.Forms.PropertyGridInternal.PropertyDescriptorGridEntry.set_PropertyValue(Object value)
   в System.Windows.Forms.PropertyGridInternal.PropertyGridView.CommitValue(GridEntry ipeCur, Object value, Boolean closeDropDown)
   в System.Windows.Forms.PropertyGridInternal.PropertyGridView.Commit()
   в System.Windows.Forms.PropertyGridInternal.PropertyGridView.UnfocusSelection()
   в System.Windows.Forms.PropertyGridInternal.PropertyGridView.GridViewEdit.ProcessDialogKey(Keys keyData)
   в System.Windows.Forms.Control.PreProcessMessage(Message& msg)
   в Microsoft.VisualStudio.PropertyBrowser.PropertyBrowserService.PreProcessMessage(Message& m)
   в Microsoft.VisualStudio.Shell.WindowPane.InternalTranslateAccelerator(MSG[] msg)
   в Microsoft.VisualStudio.Platform.WindowManagement.UIElementDocumentObject.TranslateAccelerator(MSG& lpmsg)
   в Microsoft.VisualStudio.Platform.WindowManagement.WindowFrame.TranslateAccelerator(MSG& oleMsg)
   в Microsoft.VisualStudio.Platform.WindowManagement.WindowManagerService.TranslateAccelerator(MSG& msg)
Can't find named resource $Widget.
Error stack trace:
   в System.Environment.GetStackTrace(Exception e, Boolean needFileInfo)
   в System.Environment.get_StackTrace()
   в GenLogic.GlgDefaultErrorHandler.ReportError(String message, Int32 error_type, Exception exception)
   в GenLogic.GlgResUtil.obResourceOP(GlgObject object_cs, GlgResOPMessage msg)
   в GenLogic.GlgResUtil.obGetTypedResourceGen(GlgObject object_cs, String resource_name, Int32 resource_type, Boolean mand, Boolean is_attr, Boolean suppress_add)
   в GenLogic.GlgResUtil.obGetTypedResource(GlgObject object_cs, String a065, Int32 res_type, Int32 res_subtype, Boolean a104, Boolean suppress_add)
   в GenLogic.GlgObject.ExtractWidget(GlgObject object_cs)
   в GenLogic.GlgBeanComponent.load_viewport()
   в GenLogic.GlgBeanComponent.load_drawing()
   в System.RuntimeMethodHandle.InvokeMethod(Object target, Object[] arguments, Signature sig, Boolean constructor)
   в System.Reflection.RuntimeMethodInfo.UnsafeInvokeInternal(Object obj, Object[] parameters, Object[] arguments)
   в System.Reflection.RuntimeMethodInfo.Invoke(Object obj, BindingFlags invokeAttr, Binder binder, Object[] parameters, CultureInfo culture)
   в System.SecurityUtils.MethodInfoInvoke(MethodInfo method, Object target, Object[] args)
   в System.ComponentModel.ReflectPropertyDescriptor.SetValue(Object component, Object value)
   в System.Windows.Forms.PropertyGridInternal.PropertyDescriptorGridEntry.SetPropertyValueCore(Object obj, Object value, Boolean doUndo)
   в System.Windows.Forms.PropertyGridInternal.PropertyDescriptorGridEntry.SetPropertyValue(Object obj, Object objVal, Boolean reset, String undoText)
   в System.Windows.Forms.PropertyGridInternal.PropertyDescriptorGridEntry.set_PropertyValue(Object value)
   в System.Windows.Forms.PropertyGridInternal.PropertyGridView.CommitValue(GridEntry ipeCur, Object value, Boolean closeDropDown)
   в System.Windows.Forms.PropertyGridInternal.PropertyGridView.Commit()
   в System.Windows.Forms.PropertyGridInternal.PropertyGridView.UnfocusSelection()
   в System.Windows.Forms.PropertyGridInternal.PropertyGridView.GridViewEdit.ProcessDialogKey(Keys keyData)
   в System.Windows.Forms.Control.PreProcessMessage(Message& msg)
   в Microsoft.VisualStudio.PropertyBrowser.PropertyBrowserService.PreProcessMessage(Message& m)
   в Microsoft.VisualStudio.Shell.WindowPane.InternalTranslateAccelerator(MSG[] msg)
   в Microsoft.VisualStudio.Platform.WindowManagement.UIElementDocumentObject.TranslateAccelerator(MSG& lpmsg)
   в Microsoft.VisualStudio.Platform.WindowManagement.WindowFrame.TranslateAccelerator(MSG& oleMsg)
   в Microsoft.VisualStudio.Platform.WindowManagement.WindowManagerService.TranslateAccelerator(MSG& msg)
Can't find <$Widget> viewport.
Error stack trace:
   в System.Environment.GetStackTrace(Exception e, Boolean needFileInfo)
   в System.Environment.get_StackTrace()
   в GenLogic.GlgDefaultErrorHandler.ReportError(String message, Int32 error_type, Exception exception)
   в GenLogic.GlgObject.ExtractWidget(GlgObject object_cs)
   в GenLogic.GlgBeanComponent.load_viewport()
   в GenLogic.GlgBeanComponent.load_drawing()
   в System.RuntimeMethodHandle.InvokeMethod(Object target, Object[] arguments, Signature sig, Boolean constructor)
   в System.Reflection.RuntimeMethodInfo.UnsafeInvokeInternal(Object obj, Object[] parameters, Object[] arguments)
   в System.Reflection.RuntimeMethodInfo.Invoke(Object obj, BindingFlags invokeAttr, Binder binder, Object[] parameters, CultureInfo culture)
   в System.SecurityUtils.MethodInfoInvoke(MethodInfo method, Object target, Object[] args)
   в System.ComponentModel.ReflectPropertyDescriptor.SetValue(Object component, Object value)
   в System.Windows.Forms.PropertyGridInternal.PropertyDescriptorGridEntry.SetPropertyValueCore(Object obj, Object value, Boolean doUndo)
   в System.Windows.Forms.PropertyGridInternal.PropertyDescriptorGridEntry.SetPropertyValue(Object obj, Object objVal, Boolean reset, String undoText)
   в System.Windows.Forms.PropertyGridInternal.PropertyDescriptorGridEntry.set_PropertyValue(Object value)
   в System.Windows.Forms.PropertyGridInternal.PropertyGridView.CommitValue(GridEntry ipeCur, Object value, Boolean closeDropDown)
   в System.Windows.Forms.PropertyGridInternal.PropertyGridView.Commit()
   в System.Windows.Forms.PropertyGridInternal.PropertyGridView.UnfocusSelection()
   в System.Windows.Forms.PropertyGridInternal.PropertyGridView.GridViewEdit.ProcessDialogKey(Keys keyData)
   в System.Windows.Forms.Control.PreProcessMessage(Message& msg)
   в Microsoft.VisualStudio.PropertyBrowser.PropertyBrowserService.PreProcessMessage(Message& m)
   в Microsoft.VisualStudio.Shell.WindowPane.InternalTranslateAccelerator(MSG[] msg)
   в Microsoft.VisualStudio.Platform.WindowManagement.UIElementDocumentObject.TranslateAccelerator(MSG& lpmsg)
   в Microsoft.VisualStudio.Platform.WindowManagement.WindowFrame.TranslateAccelerator(MSG& oleMsg)
   в Microsoft.VisualStudio.Platform.WindowManagement.WindowManagerService.TranslateAccelerator(MSG& msg)
Can't find named resource $Widget.
Error stack trace:
   в System.Environment.GetStackTrace(Exception e, Boolean needFileInfo)
   в System.Environment.get_StackTrace()
   в GenLogic.GlgDefaultErrorHandler.ReportError(String message, Int32 error_type, Exception exception)
   в GenLogic.GlgResUtil.obResourceOP(GlgObject object_cs, GlgResOPMessage msg)
   в GenLogic.GlgResUtil.obGetTypedResourceGen(GlgObject object_cs, String resource_name, Int32 resource_type, Boolean mand, Boolean is_attr, Boolean suppress_add)
   в GenLogic.GlgResUtil.obGetTypedResource(GlgObject object_cs, String a065, Int32 res_type, Int32 res_subtype, Boolean a104, Boolean suppress_add)
   в GenLogic.GlgObject.ExtractWidget(GlgObject object_cs)
   в GenLogic.GlgBeanComponent.load_viewport()
   в GenLogic.GlgBeanComponent.load_drawing()
   в System.RuntimeMethodHandle.InvokeMethod(Object target, Object[] arguments, Signature sig, Boolean constructor)
   в System.Reflection.RuntimeMethodInfo.UnsafeInvokeInternal(Object obj, Object[] parameters, Object[] arguments)
   в System.Reflection.RuntimeMethodInfo.Invoke(Object obj, BindingFlags invokeAttr, Binder binder, Object[] parameters, CultureInfo culture)
   в System.SecurityUtils.MethodInfoInvoke(MethodInfo method, Object target, Object[] args)
   в System.ComponentModel.ReflectPropertyDescriptor.SetValue(Object component, Object value)
   в System.Windows.Forms.PropertyGridInternal.PropertyDescriptorGridEntry.SetPropertyValueCore(Object obj, Object value, Boolean doUndo)
   в System.Windows.Forms.PropertyGridInternal.PropertyDescriptorGridEntry.SetPropertyValue(Object obj, Object objVal, Boolean reset, String undoText)
   в System.Windows.Forms.PropertyGridInternal.PropertyDescriptorGridEntry.set_PropertyValue(Object value)
   в System.Windows.Forms.PropertyGridInternal.PropertyGridView.CommitValue(GridEntry ipeCur, Object value, Boolean closeDropDown)
   в System.Windows.Forms.PropertyGridInternal.PropertyGridView.Commit()
   в System.Windows.Forms.PropertyGridInternal.PropertyGridView.UnfocusSelection()
   в System.Windows.Forms.PropertyGridInternal.PropertyGridView.GridViewEdit.ProcessDialogKey(Keys keyData)
   в System.Windows.Forms.Control.PreProcessMessage(Message& msg)
   в Microsoft.VisualStudio.PropertyBrowser.PropertyBrowserService.PreProcessMessage(Message& m)
   в Microsoft.VisualStudio.Shell.WindowPane.InternalTranslateAccelerator(MSG[] msg)
   в Microsoft.VisualStudio.Platform.WindowManagement.UIElementDocumentObject.TranslateAccelerator(MSG& lpmsg)
   в Microsoft.VisualStudio.Platform.WindowManagement.WindowFrame.TranslateAccelerator(MSG& oleMsg)
   в Microsoft.VisualStudio.Platform.WindowManagement.WindowManagerService.TranslateAccelerator(MSG& msg)
Can't find <$Widget> viewport.
Error stack trace:
   в System.Environment.GetStackTrace(Exception e, Boolean needFileInfo)
   в System.Environment.get_StackTrace()
   в GenLogic.GlgDefaultErrorHandler.ReportError(String message, Int32 error_type, Exception exception)
   в GenLogic.GlgObject.ExtractWidget(GlgObject object_cs)
   в GenLogic.GlgBeanComponent.load_viewport()
   в GenLogic.GlgBeanComponent.load_drawing()
   в System.RuntimeMethodHandle.InvokeMethod(Object target, Object[] arguments, Signature sig, Boolean constructor)
   в System.Reflection.RuntimeMethodInfo.UnsafeInvokeInternal(Object obj, Object[] parameters, Object[] arguments)
   в System.Reflection.RuntimeMethodInfo.Invoke(Object obj, BindingFlags invokeAttr, Binder binder, Object[] parameters, CultureInfo culture)
   в System.SecurityUtils.MethodInfoInvoke(MethodInfo method, Object target, Object[] args)
   в System.ComponentModel.ReflectPropertyDescriptor.SetValue(Object component, Object value)
   в System.Windows.Forms.PropertyGridInternal.PropertyDescriptorGridEntry.SetPropertyValueCore(Object obj, Object value, Boolean doUndo)
   в System.Windows.Forms.PropertyGridInternal.PropertyDescriptorGridEntry.SetPropertyValue(Object obj, Object objVal, Boolean reset, String undoText)
   в System.Windows.Forms.PropertyGridInternal.PropertyDescriptorGridEntry.set_PropertyValue(Object value)
   в System.Windows.Forms.PropertyGridInternal.PropertyGridView.CommitValue(GridEntry ipeCur, Object value, Boolean closeDropDown)
   в System.Windows.Forms.PropertyGridInternal.PropertyGridView.Commit()
   в System.Windows.Forms.PropertyGridInternal.PropertyGridView.UnfocusSelection()
   в System.Windows.Forms.PropertyGridInternal.PropertyGridView.GridViewEdit.ProcessDialogKey(Keys keyData)
   в System.Windows.Forms.Control.PreProcessMessage(Message& msg)
   в Microsoft.VisualStudio.PropertyBrowser.PropertyBrowserService.PreProcessMessage(Message& m)
   в Microsoft.VisualStudio.Shell.WindowPane.InternalTranslateAccelerator(MSG[] msg)
   в Microsoft.VisualStudio.Platform.WindowManagement.UIElementDocumentObject.TranslateAccelerator(MSG& lpmsg)
   в Microsoft.VisualStudio.Platform.WindowManagement.WindowFrame.TranslateAccelerator(MSG& oleMsg)
   в Microsoft.VisualStudio.Platform.WindowManagement.WindowManagerService.TranslateAccelerator(MSG& msg)
Can't find named resource $Widget.
Error stack trace:
   в System.Environment.GetStackTrace(Exception e, Boolean needFileInfo)
   в System.Environment.get_StackTrace()
   в GenLogic.GlgDefaultErrorHandler.ReportError(String message, Int32 error_type, Exception exception)
   в GenLogic.GlgResUtil.obResourceOP(GlgObject object_cs, GlgResOPMessage msg)
   в GenLogic.GlgResUtil.obGetTypedResourceGen(GlgObject object_cs, String resource_name, Int32 resource_type, Boolean mand, Boolean is_attr, Boolean suppress_add)
   в GenLogic.GlgResUtil.obGetTypedResource(GlgObject object_cs, String a065, Int32 res_type, Int32 res_subtype, Boolean a104, Boolean suppress_add)
   в GenLogic.GlgObject.ExtractWidget(GlgObject object_cs)
   в GenLogic.GlgBeanComponent.load_viewport()
   в GenLogic.GlgBeanComponent.load_drawing()
   в System.RuntimeMethodHandle.InvokeMethod(Object target, Object[] arguments, Signature sig, Boolean constructor)
   в System.Reflection.RuntimeMethodInfo.UnsafeInvokeInternal(Object obj, Object[] parameters, Object[] arguments)
   в System.Reflection.RuntimeMethodInfo.Invoke(Object obj, BindingFlags invokeAttr, Binder binder, Object[] parameters, CultureInfo culture)
   в System.SecurityUtils.MethodInfoInvoke(MethodInfo method, Object target, Object[] args)
   в System.ComponentModel.ReflectPropertyDescriptor.SetValue(Object component, Object value)
   в System.ComponentModel.Design.Serialization.CodeDomSerializerBase.DeserializePropertyAssignStatement(IDesignerSerializationManager manager, CodeAssignStatement statement, CodePropertyReferenceExpression propertyReferenceEx, Boolean reportError)
   в System.ComponentModel.Design.Serialization.CodeDomSerializerBase.DeserializeAssignStatement(IDesignerSerializationManager manager, CodeAssignStatement statement)
   в System.ComponentModel.Design.Serialization.CodeDomSerializerBase.DeserializeStatement(IDesignerSerializationManager manager, CodeStatement statement)
   в System.ComponentModel.Design.Serialization.CodeDomComponentSerializationService.CodeDomSerializationStore.ComponentListCodeDomSerializer.ResolveName(IDesignerSerializationManager manager, String name, Boolean canInvokeManager)
   в System.ComponentModel.Design.Serialization.CodeDomComponentSerializationService.CodeDomSerializationStore.ComponentListCodeDomSerializer.Deserialize(IDesignerSerializationManager manager, IDictionary objectState, IList objectNames, Boolean applyDefaults)
   в System.ComponentModel.Design.Serialization.CodeDomComponentSerializationService.CodeDomSerializationStore.Deserialize(IServiceProvider provider, IContainer container, Boolean recycleInstances, Boolean validateRecycledTypes, Boolean applyDefaults)
   в System.ComponentModel.Design.Serialization.CodeDomComponentSerializationService.DeserializeTo(SerializationStore store, IContainer container, Boolean validateRecycledTypes, Boolean applyDefaults)
   в System.ComponentModel.Design.UndoEngine.UndoUnit.ChangeUndoEvent.Undo(UndoEngine engine)
   в System.ComponentModel.Design.UndoEngine.UndoUnit.UndoCore()
   в System.ComponentModel.Design.UndoEngine.UndoUnit.Undo()
   в System.ComponentModel.Design.UndoEngine.CheckPopUnit(PopUnitReason reason)
   в System.ComponentModel.Design.UndoEngine.OnTransactionClosed(Object sender, DesignerTransactionCloseEventArgs e)
   в System.ComponentModel.Design.DesignerTransactionCloseEventHandler.Invoke(Object sender, DesignerTransactionCloseEventArgs e)
   в System.ComponentModel.Design.DesignerHost.OnTransactionClosed(DesignerTransactionCloseEventArgs e)
   в System.ComponentModel.Design.DesignerHost.DesignerHostTransaction.OnCancel()
   в System.ComponentModel.Design.DesignerTransaction.Cancel()
   в System.Windows.Forms.PropertyGridInternal.PropertyDescriptorGridEntry.SetPropertyValue(Object obj, Object objVal, Boolean reset, String undoText)
   в System.Windows.Forms.PropertyGridInternal.PropertyDescriptorGridEntry.set_PropertyValue(Object value)
   в System.Windows.Forms.PropertyGridInternal.PropertyGridView.CommitValue(GridEntry ipeCur, Object value, Boolean closeDropDown)
   в System.Windows.Forms.PropertyGridInternal.PropertyGridView.Commit()
   в System.Windows.Forms.PropertyGridInternal.PropertyGridView.UnfocusSelection()
   в System.Windows.Forms.PropertyGridInternal.PropertyGridView.GridViewEdit.ProcessDialogKey(Keys keyData)
   в System.Windows.Forms.Control.PreProcessMessage(Message& msg)
   в Microsoft.VisualStudio.PropertyBrowser.PropertyBrowserService.PreProcessMessage(Message& m)
   в Microsoft.VisualStudio.Shell.WindowPane.InternalTranslateAccelerator(MSG[] msg)
   в Microsoft.VisualStudio.Platform.WindowManagement.UIElementDocumentObject.TranslateAccelerator(MSG& lpmsg)
   в Microsoft.VisualStudio.Platform.WindowManagement.WindowFrame.TranslateAccelerator(MSG& oleMsg)
   в Microsoft.VisualStudio.Platform.WindowManagement.WindowManagerService.TranslateAccelerator(MSG& msg)
Can't find <$Widget> viewport.
Error stack trace:
   в System.Environment.GetStackTrace(Exception e, Boolean needFileInfo)
   в System.Environment.get_StackTrace()
   в GenLogic.GlgDefaultErrorHandler.ReportError(String message, Int32 error_type, Exception exception)
   в GenLogic.GlgObject.ExtractWidget(GlgObject object_cs)
   в GenLogic.GlgBeanComponent.load_viewport()
   в GenLogic.GlgBeanComponent.load_drawing()
   в System.RuntimeMethodHandle.InvokeMethod(Object target, Object[] arguments, Signature sig, Boolean constructor)
   в System.Reflection.RuntimeMethodInfo.UnsafeInvokeInternal(Object obj, Object[] parameters, Object[] arguments)
   в System.Reflection.RuntimeMethodInfo.Invoke(Object obj, BindingFlags invokeAttr, Binder binder, Object[] parameters, CultureInfo culture)
   в System.SecurityUtils.MethodInfoInvoke(MethodInfo method, Object target, Object[] args)
   в System.ComponentModel.ReflectPropertyDescriptor.SetValue(Object component, Object value)
   в System.ComponentModel.Design.Serialization.CodeDomSerializerBase.DeserializePropertyAssignStatement(IDesignerSerializationManager manager, CodeAssignStatement statement, CodePropertyReferenceExpression propertyReferenceEx, Boolean reportError)
   в System.ComponentModel.Design.Serialization.CodeDomSerializerBase.DeserializeAssignStatement(IDesignerSerializationManager manager, CodeAssignStatement statement)
   в System.ComponentModel.Design.Serialization.CodeDomSerializerBase.DeserializeStatement(IDesignerSerializationManager manager, CodeStatement statement)
   в System.ComponentModel.Design.Serialization.CodeDomComponentSerializationService.CodeDomSerializationStore.ComponentListCodeDomSerializer.ResolveName(IDesignerSerializationManager manager, String name, Boolean canInvokeManager)
   в System.ComponentModel.Design.Serialization.CodeDomComponentSerializationService.CodeDomSerializationStore.ComponentListCodeDomSerializer.Deserialize(IDesignerSerializationManager manager, IDictionary objectState, IList objectNames, Boolean applyDefaults)
   в System.ComponentModel.Design.Serialization.CodeDomComponentSerializationService.CodeDomSerializationStore.Deserialize(IServiceProvider provider, IContainer container, Boolean recycleInstances, Boolean validateRecycledTypes, Boolean applyDefaults)
   в System.ComponentModel.Design.Serialization.CodeDomComponentSerializationService.DeserializeTo(SerializationStore store, IContainer container, Boolean validateRecycledTypes, Boolean applyDefaults)
   в System.ComponentModel.Design.UndoEngine.UndoUnit.ChangeUndoEvent.Undo(UndoEngine engine)
   в System.ComponentModel.Design.UndoEngine.UndoUnit.UndoCore()
   в System.ComponentModel.Design.UndoEngine.UndoUnit.Undo()
   в System.ComponentModel.Design.UndoEngine.CheckPopUnit(PopUnitReason reason)
   в System.ComponentModel.Design.UndoEngine.OnTransactionClosed(Object sender, DesignerTransactionCloseEventArgs e)
   в System.ComponentModel.Design.DesignerTransactionCloseEventHandler.Invoke(Object sender, DesignerTransactionCloseEventArgs e)
   в System.ComponentModel.Design.DesignerHost.OnTransactionClosed(DesignerTransactionCloseEventArgs e)
   в System.ComponentModel.Design.DesignerHost.DesignerHostTransaction.OnCancel()
   в System.ComponentModel.Design.DesignerTransaction.Cancel()
   в System.Windows.Forms.PropertyGridInternal.PropertyDescriptorGridEntry.SetPropertyValue(Object obj, Object objVal, Boolean reset, String undoText)
   в System.Windows.Forms.PropertyGridInternal.PropertyDescriptorGridEntry.set_PropertyValue(Object value)
   в System.Windows.Forms.PropertyGridInternal.PropertyGridView.CommitValue(GridEntry ipeCur, Object value, Boolean closeDropDown)
   в System.Windows.Forms.PropertyGridInternal.PropertyGridView.Commit()
   в System.Windows.Forms.PropertyGridInternal.PropertyGridView.UnfocusSelection()
   в System.Windows.Forms.PropertyGridInternal.PropertyGridView.GridViewEdit.ProcessDialogKey(Keys keyData)
   в System.Windows.Forms.Control.PreProcessMessage(Message& msg)
   в Microsoft.VisualStudio.PropertyBrowser.PropertyBrowserService.PreProcessMessage(Message& m)
   в Microsoft.VisualStudio.Shell.WindowPane.InternalTranslateAccelerator(MSG[] msg)
   в Microsoft.VisualStudio.Platform.WindowManagement.UIElementDocumentObject.TranslateAccelerator(MSG& lpmsg)
   в Microsoft.VisualStudio.Platform.WindowManagement.WindowFrame.TranslateAccelerator(MSG& oleMsg)
   в Microsoft.VisualStudio.Platform.WindowManagement.WindowManagerService.TranslateAccelerator(MSG& msg)
Can't find named resource $Widget.
Error stack trace:
   в System.Environment.GetStackTrace(Exception e, Boolean needFileInfo)
   в System.Environment.get_StackTrace()
   в GenLogic.GlgDefaultErrorHandler.ReportError(String message, Int32 error_type, Exception exception)
   в GenLogic.GlgResUtil.obResourceOP(GlgObject object_cs, GlgResOPMessage msg)
   в GenLogic.GlgResUtil.obGetTypedResourceGen(GlgObject object_cs, String resource_name, Int32 resource_type, Boolean mand, Boolean is_attr, Boolean suppress_add)
   в GenLogic.GlgResUtil.obGetTypedResource(GlgObject object_cs, String a065, Int32 res_type, Int32 res_subtype, Boolean a104, Boolean suppress_add)
   в GenLogic.GlgObject.ExtractWidget(GlgObject object_cs)
   в GenLogic.GlgBeanComponent.load_viewport()
   в GenLogic.GlgBeanComponent.load_drawing()
   в System.RuntimeMethodHandle.InvokeMethod(Object target, Object[] arguments, Signature sig, Boolean constructor)
   в System.Reflection.RuntimeMethodInfo.UnsafeInvokeInternal(Object obj, Object[] parameters, Object[] arguments)
   в System.Reflection.RuntimeMethodInfo.Invoke(Object obj, BindingFlags invokeAttr, Binder binder, Object[] parameters, CultureInfo culture)
   в System.SecurityUtils.MethodInfoInvoke(MethodInfo method, Object target, Object[] args)
   в System.ComponentModel.ReflectPropertyDescriptor.SetValue(Object component, Object value)
   в System.Windows.Forms.PropertyGridInternal.PropertyDescriptorGridEntry.SetPropertyValueCore(Object obj, Object value, Boolean doUndo)
   в System.Windows.Forms.PropertyGridInternal.PropertyDescriptorGridEntry.SetPropertyValue(Object obj, Object objVal, Boolean reset, String undoText)
   в System.Windows.Forms.PropertyGridInternal.PropertyDescriptorGridEntry.set_PropertyValue(Object value)
   в System.Windows.Forms.PropertyGridInternal.PropertyGridView.CommitValue(GridEntry ipeCur, Object value, Boolean closeDropDown)
   в System.Windows.Forms.PropertyGridInternal.PropertyGridView.Commit()
   в System.Windows.Forms.PropertyGridInternal.PropertyGridView.UnfocusSelection()
   в System.Windows.Forms.PropertyGridInternal.PropertyGridView.GridViewEdit.ProcessDialogKey(Keys keyData)
   в System.Windows.Forms.Control.PreProcessMessage(Message& msg)
   в Microsoft.VisualStudio.PropertyBrowser.PropertyBrowserService.PreProcessMessage(Message& m)
   в Microsoft.VisualStudio.Shell.WindowPane.InternalTranslateAccelerator(MSG[] msg)
   в Microsoft.VisualStudio.Platform.WindowManagement.UIElementDocumentObject.TranslateAccelerator(MSG& lpmsg)
   в Microsoft.VisualStudio.Platform.WindowManagement.WindowFrame.TranslateAccelerator(MSG& oleMsg)
   в Microsoft.VisualStudio.Platform.WindowManagement.WindowManagerService.TranslateAccelerator(MSG& msg)
Can't find <$Widget> viewport.
Error stack trace:
   в System.Environment.GetStackTrace(Exception e, Boolean needFileInfo)
   в System.Environment.get_StackTrace()
   в GenLogic.GlgDefaultErrorHandler.ReportError(String message, Int32 error_type, Exception exception)
   в GenLogic.GlgObject.ExtractWidget(GlgObject object_cs)
   в GenLogic.GlgBeanComponent.load_viewport()
   в GenLogic.GlgBeanComponent.load_drawing()
   в System.RuntimeMethodHandle.InvokeMethod(Object target, Object[] arguments, Signature sig, Boolean constructor)
   в System.Reflection.RuntimeMethodInfo.UnsafeInvokeInternal(Object obj, Object[] parameters, Object[] arguments)
   в System.Reflection.RuntimeMethodInfo.Invoke(Object obj, BindingFlags invokeAttr, Binder binder, Object[] parameters, CultureInfo culture)
   в System.SecurityUtils.MethodInfoInvoke(MethodInfo method, Object target, Object[] args)
   в System.ComponentModel.ReflectPropertyDescriptor.SetValue(Object component, Object value)
   в System.Windows.Forms.PropertyGridInternal.PropertyDescriptorGridEntry.SetPropertyValueCore(Object obj, Object value, Boolean doUndo)
   в System.Windows.Forms.PropertyGridInternal.PropertyDescriptorGridEntry.SetPropertyValue(Object obj, Object objVal, Boolean reset, String undoText)
   в System.Windows.Forms.PropertyGridInternal.PropertyDescriptorGridEntry.set_PropertyValue(Object value)
   в System.Windows.Forms.PropertyGridInternal.PropertyGridView.CommitValue(GridEntry ipeCur, Object value, Boolean closeDropDown)
   в System.Windows.Forms.PropertyGridInternal.PropertyGridView.Commit()
   в System.Windows.Forms.PropertyGridInternal.PropertyGridView.UnfocusSelection()
   в System.Windows.Forms.PropertyGridInternal.PropertyGridView.GridViewEdit.ProcessDialogKey(Keys keyData)
   в System.Windows.Forms.Control.PreProcessMessage(Message& msg)
   в Microsoft.VisualStudio.PropertyBrowser.PropertyBrowserService.PreProcessMessage(Message& m)
   в Microsoft.VisualStudio.Shell.WindowPane.InternalTranslateAccelerator(MSG[] msg)
   в Microsoft.VisualStudio.Platform.WindowManagement.UIElementDocumentObject.TranslateAccelerator(MSG& lpmsg)
   в Microsoft.VisualStudio.Platform.WindowManagement.WindowFrame.TranslateAccelerator(MSG& oleMsg)
   в Microsoft.VisualStudio.Platform.WindowManagement.WindowManagerService.TranslateAccelerator(MSG& msg)
Can't open <C:/Program Files/GlgCE.4.5_x64/DEMOS/widgets/controls/joystick.g> file for reading.
Error stack trace:
   в System.Environment.GetStackTrace(Exception e, Boolean needFileInfo)
   в System.Environment.get_StackTrace()
   в GenLogic.GlgDefaultErrorHandler.ReportError(String message, Int32 error_type, Exception exception)
   в GenLogic.GlgStream.stOpenStream(GlgStream a035, Int32 a032, Object medium, Int32 medium_type, Boolean compressed, String path)
   в GenLogic.GlgObject.obLoad(Object medium, Int32 medium_type, GlgObject rebind_ref, Encoding charset, String path)
   в GenLogic.GlgObject.LoadObject(String filename, GlgMediumType medium_type, Encoding encoding)
   в GenLogic.GlgBeanComponent.load_viewport()
   в GenLogic.GlgBeanComponent.load_drawing()
   в System.RuntimeMethodHandle.InvokeMethod(Object target, Object[] arguments, Signature sig, Boolean constructor)
   в System.Reflection.RuntimeMethodInfo.UnsafeInvokeInternal(Object obj, Object[] parameters, Object[] arguments)
   в System.Reflection.RuntimeMethodInfo.Invoke(Object obj, BindingFlags invokeAttr, Binder binder, Object[] parameters, CultureInfo culture)
   в System.SecurityUtils.MethodInfoInvoke(MethodInfo method, Object target, Object[] args)
   в System.ComponentModel.ReflectPropertyDescriptor.SetValue(Object component, Object value)
   в System.Windows.Forms.PropertyGridInternal.PropertyDescriptorGridEntry.SetPropertyValueCore(Object obj, Object value, Boolean doUndo)
   в System.Windows.Forms.PropertyGridInternal.PropertyDescriptorGridEntry.SetPropertyValue(Object obj, Object objVal, Boolean reset, String undoText)
   в System.Windows.Forms.PropertyGridInternal.PropertyDescriptorGridEntry.set_PropertyValue(Object value)
   в System.Windows.Forms.PropertyGridInternal.PropertyGridView.CommitValue(GridEntry ipeCur, Object value, Boolean closeDropDown)
   в System.Windows.Forms.PropertyGridInternal.PropertyGridView.Commit()
   в System.Windows.Forms.PropertyGridInternal.PropertyGridView.OnEditLostFocus(Object sender, EventArgs e)
   в System.Windows.Forms.Control.OnLostFocus(EventArgs e)
   в System.Windows.Forms.Control.WmKillFocus(Message& m)
   в System.Windows.Forms.Control.WndProc(Message& m)
   в System.Windows.Forms.TextBoxBase.WndProc(Message& m)
   в System.Windows.Forms.TextBox.WndProc(Message& m)
   в System.Windows.Forms.PropertyGridInternal.PropertyGridView.GridViewEdit.WndProc(Message& m)
   в System.Windows.Forms.NativeWindow.Callback(IntPtr hWnd, Int32 msg, IntPtr wparam, IntPtr lparam)
Null drawing.
Error stack trace:
   в System.Environment.GetStackTrace(Exception e, Boolean needFileInfo)
   в System.Environment.get_StackTrace()
   в GenLogic.GlgDefaultErrorHandler.ReportError(String message, Int32 error_type, Exception exception)
   в GenLogic.GlgObject.ExtractWidget(GlgObject object_cs)
   в GenLogic.GlgBeanComponent.load_viewport()
   в GenLogic.GlgBeanComponent.load_drawing()
   в System.RuntimeMethodHandle.InvokeMethod(Object target, Object[] arguments, Signature sig, Boolean constructor)
   в System.Reflection.RuntimeMethodInfo.UnsafeInvokeInternal(Object obj, Object[] parameters, Object[] arguments)
   в System.Reflection.RuntimeMethodInfo.Invoke(Object obj, BindingFlags invokeAttr, Binder binder, Object[] parameters, CultureInfo culture)
   в System.SecurityUtils.MethodInfoInvoke(MethodInfo method, Object target, Object[] args)
   в System.ComponentModel.ReflectPropertyDescriptor.SetValue(Object component, Object value)
   в System.Windows.Forms.PropertyGridInternal.PropertyDescriptorGridEntry.SetPropertyValueCore(Object obj, Object value, Boolean doUndo)
   в System.Windows.Forms.PropertyGridInternal.PropertyDescriptorGridEntry.SetPropertyValue(Object obj, Object objVal, Boolean reset, String undoText)
   в System.Windows.Forms.PropertyGridInternal.PropertyDescriptorGridEntry.set_PropertyValue(Object value)
   в System.Windows.Forms.PropertyGridInternal.PropertyGridView.CommitValue(GridEntry ipeCur, Object value, Boolean closeDropDown)
   в System.Windows.Forms.PropertyGridInternal.PropertyGridView.Commit()
   в System.Windows.Forms.PropertyGridInternal.PropertyGridView.OnEditLostFocus(Object sender, EventArgs e)
   в System.Windows.Forms.Control.OnLostFocus(EventArgs e)
   в System.Windows.Forms.Control.WmKillFocus(Message& m)
   в System.Windows.Forms.Control.WndProc(Message& m)
   в System.Windows.Forms.TextBoxBase.WndProc(Message& m)
   в System.Windows.Forms.TextBox.WndProc(Message& m)
   в System.Windows.Forms.PropertyGridInternal.PropertyGridView.GridViewEdit.WndProc(Message& m)
   в System.Windows.Forms.NativeWindow.Callback(IntPtr hWnd, Int32 msg, IntPtr wparam, IntPtr lparam)
Can't open <C:/Program Files/GlgCE.4.5_x64/DEMOS/widgets/controls/meter19.g> file for reading.
Error stack trace:
   в System.Environment.GetStackTrace(Exception e, Boolean needFileInfo)
   в System.Environment.get_StackTrace()
   в GenLogic.GlgDefaultErrorHandler.ReportError(String message, Int32 error_type, Exception exception)
   в GenLogic.GlgStream.stOpenStream(GlgStream a035, Int32 a032, Object medium, Int32 medium_type, Boolean compressed, String path)
   в GenLogic.GlgObject.obLoad(Object medium, Int32 medium_type, GlgObject rebind_ref, Encoding charset, String path)
   в GenLogic.GlgObject.LoadObject(String filename, GlgMediumType medium_type, Encoding encoding)
   в GenLogic.GlgBeanComponent.load_viewport()
   в GenLogic.GlgBeanComponent.load_drawing()
   в System.RuntimeMethodHandle.InvokeMethod(Object target, Object[] arguments, Signature sig, Boolean constructor)
   в System.Reflection.RuntimeMethodInfo.UnsafeInvokeInternal(Object obj, Object[] parameters, Object[] arguments)
   в System.Reflection.RuntimeMethodInfo.Invoke(Object obj, BindingFlags invokeAttr, Binder binder, Object[] parameters, CultureInfo culture)
   в System.SecurityUtils.MethodInfoInvoke(MethodInfo method, Object target, Object[] args)
   в System.ComponentModel.ReflectPropertyDescriptor.SetValue(Object component, Object value)
   в System.Windows.Forms.PropertyGridInternal.PropertyDescriptorGridEntry.SetPropertyValueCore(Object obj, Object value, Boolean doUndo)
   в System.Windows.Forms.PropertyGridInternal.PropertyDescriptorGridEntry.SetPropertyValue(Object obj, Object objVal, Boolean reset, String undoText)
   в System.Windows.Forms.PropertyGridInternal.PropertyDescriptorGridEntry.set_PropertyValue(Object value)
   в System.Windows.Forms.PropertyGridInternal.PropertyGridView.CommitValue(GridEntry ipeCur, Object value, Boolean closeDropDown)
   в System.Windows.Forms.PropertyGridInternal.PropertyGridView.Commit()
   в System.Windows.Forms.PropertyGridInternal.PropertyGridView.UnfocusSelection()
   в System.Windows.Forms.PropertyGridInternal.PropertyGridView.GridViewEdit.ProcessDialogKey(Keys keyData)
   в System.Windows.Forms.Control.PreProcessMessage(Message& msg)
   в Microsoft.VisualStudio.PropertyBrowser.PropertyBrowserService.PreProcessMessage(Message& m)
   в Microsoft.VisualStudio.Shell.WindowPane.InternalTranslateAccelerator(MSG[] msg)
   в Microsoft.VisualStudio.Platform.WindowManagement.UIElementDocumentObject.TranslateAccelerator(MSG& lpmsg)
   в Microsoft.VisualStudio.Platform.WindowManagement.WindowFrame.TranslateAccelerator(MSG& oleMsg)
   в Microsoft.VisualStudio.Platform.WindowManagement.WindowManagerService.TranslateAccelerator(MSG& msg)
Null drawing.
Error stack trace:
   в System.Environment.GetStackTrace(Exception e, Boolean needFileInfo)
   в System.Environment.get_StackTrace()
   в GenLogic.GlgDefaultErrorHandler.ReportError(String message, Int32 error_type, Exception exception)
   в GenLogic.GlgObject.ExtractWidget(GlgObject object_cs)
   в GenLogic.GlgBeanComponent.load_viewport()
   в GenLogic.GlgBeanComponent.load_drawing()
   в System.RuntimeMethodHandle.InvokeMethod(Object target, Object[] arguments, Signature sig, Boolean constructor)
   в System.Reflection.RuntimeMethodInfo.UnsafeInvokeInternal(Object obj, Object[] parameters, Object[] arguments)
   в System.Reflection.RuntimeMethodInfo.Invoke(Object obj, BindingFlags invokeAttr, Binder binder, Object[] parameters, CultureInfo culture)
   в System.SecurityUtils.MethodInfoInvoke(MethodInfo method, Object target, Object[] args)
   в System.ComponentModel.ReflectPropertyDescriptor.SetValue(Object component, Object value)
   в System.Windows.Forms.PropertyGridInternal.PropertyDescriptorGridEntry.SetPropertyValueCore(Object obj, Object value, Boolean doUndo)
   в System.Windows.Forms.PropertyGridInternal.PropertyDescriptorGridEntry.SetPropertyValue(Object obj, Object objVal, Boolean reset, String undoText)
   в System.Windows.Forms.PropertyGridInternal.PropertyDescriptorGridEntry.set_PropertyValue(Object value)
   в System.Windows.Forms.PropertyGridInternal.PropertyGridView.CommitValue(GridEntry ipeCur, Object value, Boolean closeDropDown)
   в System.Windows.Forms.PropertyGridInternal.PropertyGridView.Commit()
   в System.Windows.Forms.PropertyGridInternal.PropertyGridView.UnfocusSelection()
   в System.Windows.Forms.PropertyGridInternal.PropertyGridView.GridViewEdit.ProcessDialogKey(Keys keyData)
   в System.Windows.Forms.Control.PreProcessMessage(Message& msg)
   в Microsoft.VisualStudio.PropertyBrowser.PropertyBrowserService.PreProcessMessage(Message& m)
   в Microsoft.VisualStudio.Shell.WindowPane.InternalTranslateAccelerator(MSG[] msg)
   в Microsoft.VisualStudio.Platform.WindowManagement.UIElementDocumentObject.TranslateAccelerator(MSG& lpmsg)
   в Microsoft.VisualStudio.Platform.WindowManagement.WindowFrame.TranslateAccelerator(MSG& oleMsg)
   в Microsoft.VisualStudio.Platform.WindowManagement.WindowManagerService.TranslateAccelerator(MSG& msg)
Can't open <C:/Program Files/GlgCE.4.5_x64/DEMOS/widgets/controls/meter18.g> file for reading.
Error stack trace:
   в System.Environment.GetStackTrace(Exception e, Boolean needFileInfo)
   в System.Environment.get_StackTrace()
   в GenLogic.GlgDefaultErrorHandler.ReportError(String message, Int32 error_type, Exception exception)
   в GenLogic.GlgStream.stOpenStream(GlgStream a035, Int32 a032, Object medium, Int32 medium_type, Boolean compressed, String path)
   в GenLogic.GlgObject.obLoad(Object medium, Int32 medium_type, GlgObject rebind_ref, Encoding charset, String path)
   в GenLogic.GlgObject.LoadObject(String filename, GlgMediumType medium_type, Encoding encoding)
   в GenLogic.GlgBeanComponent.load_viewport()
   в GenLogic.GlgBeanComponent.load_drawing()
   в System.RuntimeMethodHandle.InvokeMethod(Object target, Object[] arguments, Signature sig, Boolean constructor)
   в System.Reflection.RuntimeMethodInfo.UnsafeInvokeInternal(Object obj, Object[] parameters, Object[] arguments)
   в System.Reflection.RuntimeMethodInfo.Invoke(Object obj, BindingFlags invokeAttr, Binder binder, Object[] parameters, CultureInfo culture)
   в System.SecurityUtils.MethodInfoInvoke(MethodInfo method, Object target, Object[] args)
   в System.ComponentModel.ReflectPropertyDescriptor.SetValue(Object component, Object value)
   в System.Windows.Forms.PropertyGridInternal.PropertyDescriptorGridEntry.SetPropertyValueCore(Object obj, Object value, Boolean doUndo)
   в System.Windows.Forms.PropertyGridInternal.PropertyDescriptorGridEntry.SetPropertyValue(Object obj, Object objVal, Boolean reset, String undoText)
   в System.Windows.Forms.PropertyGridInternal.PropertyDescriptorGridEntry.set_PropertyValue(Object value)
   в System.Windows.Forms.PropertyGridInternal.PropertyGridView.CommitValue(GridEntry ipeCur, Object value, Boolean closeDropDown)
   в System.Windows.Forms.PropertyGridInternal.PropertyGridView.Commit()
   в System.Windows.Forms.PropertyGridInternal.PropertyGridView.UnfocusSelection()
   в System.Windows.Forms.PropertyGridInternal.PropertyGridView.GridViewEdit.ProcessDialogKey(Keys keyData)
   в System.Windows.Forms.Control.PreProcessMessage(Message& msg)
   в Microsoft.VisualStudio.PropertyBrowser.PropertyBrowserService.PreProcessMessage(Message& m)
   в Microsoft.VisualStudio.Shell.WindowPane.InternalTranslateAccelerator(MSG[] msg)
   в Microsoft.VisualStudio.Platform.WindowManagement.UIElementDocumentObject.TranslateAccelerator(MSG& lpmsg)
   в Microsoft.VisualStudio.Platform.WindowManagement.WindowFrame.TranslateAccelerator(MSG& oleMsg)
   в Microsoft.VisualStudio.Platform.WindowManagement.WindowManagerService.TranslateAccelerator(MSG& msg)
Null drawing.
Error stack trace:
   в System.Environment.GetStackTrace(Exception e, Boolean needFileInfo)
   в System.Environment.get_StackTrace()
   в GenLogic.GlgDefaultErrorHandler.ReportError(String message, Int32 error_type, Exception exception)
   в GenLogic.GlgObject.ExtractWidget(GlgObject object_cs)
   в GenLogic.GlgBeanComponent.load_viewport()
   в GenLogic.GlgBeanComponent.load_drawing()
   в System.RuntimeMethodHandle.InvokeMethod(Object target, Object[] arguments, Signature sig, Boolean constructor)
   в System.Reflection.RuntimeMethodInfo.UnsafeInvokeInternal(Object obj, Object[] parameters, Object[] arguments)
   в System.Reflection.RuntimeMethodInfo.Invoke(Object obj, BindingFlags invokeAttr, Binder binder, Object[] parameters, CultureInfo culture)
   в System.SecurityUtils.MethodInfoInvoke(MethodInfo method, Object target, Object[] args)
   в System.ComponentModel.ReflectPropertyDescriptor.SetValue(Object component, Object value)
   в System.Windows.Forms.PropertyGridInternal.PropertyDescriptorGridEntry.SetPropertyValueCore(Object obj, Object value, Boolean doUndo)
   в System.Windows.Forms.PropertyGridInternal.PropertyDescriptorGridEntry.SetPropertyValue(Object obj, Object objVal, Boolean reset, String undoText)
   в System.Windows.Forms.PropertyGridInternal.PropertyDescriptorGridEntry.set_PropertyValue(Object value)
   в System.Windows.Forms.PropertyGridInternal.PropertyGridView.CommitValue(GridEntry ipeCur, Object value, Boolean closeDropDown)
   в System.Windows.Forms.PropertyGridInternal.PropertyGridView.Commit()
   в System.Windows.Forms.PropertyGridInternal.PropertyGridView.UnfocusSelection()
   в System.Windows.Forms.PropertyGridInternal.PropertyGridView.GridViewEdit.ProcessDialogKey(Keys keyData)
   в System.Windows.Forms.Control.PreProcessMessage(Message& msg)
   в Microsoft.VisualStudio.PropertyBrowser.PropertyBrowserService.PreProcessMessage(Message& m)
   в Microsoft.VisualStudio.Shell.WindowPane.InternalTranslateAccelerator(MSG[] msg)
   в Microsoft.VisualStudio.Platform.WindowManagement.UIElementDocumentObject.TranslateAccelerator(MSG& lpmsg)
   в Microsoft.VisualStudio.Platform.WindowManagement.WindowFrame.TranslateAccelerator(MSG& oleMsg)
   в Microsoft.VisualStudio.Platform.WindowManagement.WindowManagerService.TranslateAccelerator(MSG& msg)
